<?xml version="1.0"?>
<link_info>
   <banner>MSP430 Linker PC v16.9.1.LTS</banner>
   <copyright>Copyright (c) 2003-2015 Texas Instruments Incorporated</copyright>
   <link_time>0x5b0509ee</link_time>
   <link_errors>0x0</link_errors>
   <output_file>Smart_Vent.out</output_file>
   <entry_point>
      <name>_c_int00_noargs_noexit</name>
      <address>0xe14c</address>
   </entry_point>
   <input_file_list>
      <input_file id="fl-2">
         <path>.\</path>
         <kind>object</kind>
         <file>adc10.obj</file>
         <name>adc10.obj</name>
      </input_file>
      <input_file id="fl-3">
         <path>.\</path>
         <kind>object</kind>
         <file>angle.obj</file>
         <name>angle.obj</name>
      </input_file>
      <input_file id="fl-4">
         <path>.\</path>
         <kind>object</kind>
         <file>bat_detect.obj</file>
         <name>bat_detect.obj</name>
      </input_file>
      <input_file id="fl-5">
         <path>.\</path>
         <kind>object</kind>
         <file>cs.obj</file>
         <name>cs.obj</name>
      </input_file>
      <input_file id="fl-6">
         <path>.\</path>
         <kind>object</kind>
         <file>gpio.obj</file>
         <name>gpio.obj</name>
      </input_file>
      <input_file id="fl-7">
         <path>.\</path>
         <kind>object</kind>
         <file>hp203b.obj</file>
         <name>hp203b.obj</name>
      </input_file>
      <input_file id="fl-8">
         <path>.\</path>
         <kind>object</kind>
         <file>i2c_hw.obj</file>
         <name>i2c_hw.obj</name>
      </input_file>
      <input_file id="fl-9">
         <path>.\</path>
         <kind>object</kind>
         <file>led.obj</file>
         <name>led.obj</name>
      </input_file>
      <input_file id="fl-a">
         <path>.\</path>
         <kind>object</kind>
         <file>main.obj</file>
         <name>main.obj</name>
      </input_file>
      <input_file id="fl-b">
         <path>.\</path>
         <kind>object</kind>
         <file>motor.obj</file>
         <name>motor.obj</name>
      </input_file>
      <input_file id="fl-c">
         <path>.\</path>
         <kind>object</kind>
         <file>p2_int.obj</file>
         <name>p2_int.obj</name>
      </input_file>
      <input_file id="fl-d">
         <path>.\</path>
         <kind>object</kind>
         <file>power_on.obj</file>
         <name>power_on.obj</name>
      </input_file>
      <input_file id="fl-e">
         <path>.\</path>
         <kind>object</kind>
         <file>rtc.obj</file>
         <name>rtc.obj</name>
      </input_file>
      <input_file id="fl-f">
         <path>.\</path>
         <kind>object</kind>
         <file>timer_delay.obj</file>
         <name>timer_delay.obj</name>
      </input_file>
      <input_file id="fl-10">
         <path>.\</path>
         <kind>object</kind>
         <file>uart.obj</file>
         <name>uart.obj</name>
      </input_file>
      <input_file id="fl-2b">
         <path>D:\ti\ccsv7\tools\compiler\ti-cgt-msp430_16.9.1.LTS\lib\</path>
         <kind>archive</kind>
         <file>rts430x_lc_sd_eabi.lib</file>
         <name>boot.obj</name>
      </input_file>
      <input_file id="fl-2c">
         <path>D:\ti\ccsv7\tools\compiler\ti-cgt-msp430_16.9.1.LTS\lib\</path>
         <kind>archive</kind>
         <file>rts430x_lc_sd_eabi.lib</file>
         <name>boot_special.obj</name>
      </input_file>
      <input_file id="fl-2d">
         <path>D:\ti\ccsv7\tools\compiler\ti-cgt-msp430_16.9.1.LTS\lib\</path>
         <kind>archive</kind>
         <file>rts430x_lc_sd_eabi.lib</file>
         <name>copy_decompress_lzss.obj</name>
      </input_file>
      <input_file id="fl-2e">
         <path>D:\ti\ccsv7\tools\compiler\ti-cgt-msp430_16.9.1.LTS\lib\</path>
         <kind>archive</kind>
         <file>rts430x_lc_sd_eabi.lib</file>
         <name>copy_decompress_none.obj</name>
      </input_file>
      <input_file id="fl-2f">
         <path>D:\ti\ccsv7\tools\compiler\ti-cgt-msp430_16.9.1.LTS\lib\</path>
         <kind>archive</kind>
         <file>rts430x_lc_sd_eabi.lib</file>
         <name>copy_zero_init.obj</name>
      </input_file>
      <input_file id="fl-30">
         <path>D:\ti\ccsv7\tools\compiler\ti-cgt-msp430_16.9.1.LTS\lib\</path>
         <kind>archive</kind>
         <file>rts430x_lc_sd_eabi.lib</file>
         <name>cpy_util.obj</name>
      </input_file>
      <input_file id="fl-31">
         <path>D:\ti\ccsv7\tools\compiler\ti-cgt-msp430_16.9.1.LTS\lib\</path>
         <kind>archive</kind>
         <file>rts430x_lc_sd_eabi.lib</file>
         <name>cvtdf.obj</name>
      </input_file>
      <input_file id="fl-32">
         <path>D:\ti\ccsv7\tools\compiler\ti-cgt-msp430_16.9.1.LTS\lib\</path>
         <kind>archive</kind>
         <file>rts430x_lc_sd_eabi.lib</file>
         <name>cvtfd.obj</name>
      </input_file>
      <input_file id="fl-33">
         <path>D:\ti\ccsv7\tools\compiler\ti-cgt-msp430_16.9.1.LTS\lib\</path>
         <kind>archive</kind>
         <file>rts430x_lc_sd_eabi.lib</file>
         <name>div16u.obj</name>
      </input_file>
      <input_file id="fl-34">
         <path>D:\ti\ccsv7\tools\compiler\ti-cgt-msp430_16.9.1.LTS\lib\</path>
         <kind>archive</kind>
         <file>rts430x_lc_sd_eabi.lib</file>
         <name>div32s.obj</name>
      </input_file>
      <input_file id="fl-35">
         <path>D:\ti\ccsv7\tools\compiler\ti-cgt-msp430_16.9.1.LTS\lib\</path>
         <kind>archive</kind>
         <file>rts430x_lc_sd_eabi.lib</file>
         <name>div32u.obj</name>
      </input_file>
      <input_file id="fl-36">
         <path>D:\ti\ccsv7\tools\compiler\ti-cgt-msp430_16.9.1.LTS\lib\</path>
         <kind>archive</kind>
         <file>rts430x_lc_sd_eabi.lib</file>
         <name>divd.obj</name>
      </input_file>
      <input_file id="fl-37">
         <path>D:\ti\ccsv7\tools\compiler\ti-cgt-msp430_16.9.1.LTS\lib\</path>
         <kind>archive</kind>
         <file>rts430x_lc_sd_eabi.lib</file>
         <name>exit.obj</name>
      </input_file>
      <input_file id="fl-38">
         <path>D:\ti\ccsv7\tools\compiler\ti-cgt-msp430_16.9.1.LTS\lib\</path>
         <kind>archive</kind>
         <file>rts430x_lc_sd_eabi.lib</file>
         <name>exit_gvars.obj</name>
      </input_file>
      <input_file id="fl-39">
         <path>D:\ti\ccsv7\tools\compiler\ti-cgt-msp430_16.9.1.LTS\lib\</path>
         <kind>archive</kind>
         <file>rts430x_lc_sd_eabi.lib</file>
         <name>fixdu.obj</name>
      </input_file>
      <input_file id="fl-3a">
         <path>D:\ti\ccsv7\tools\compiler\ti-cgt-msp430_16.9.1.LTS\lib\</path>
         <kind>archive</kind>
         <file>rts430x_lc_sd_eabi.lib</file>
         <name>fixdul.obj</name>
      </input_file>
      <input_file id="fl-3b">
         <path>D:\ti\ccsv7\tools\compiler\ti-cgt-msp430_16.9.1.LTS\lib\</path>
         <kind>archive</kind>
         <file>rts430x_lc_sd_eabi.lib</file>
         <name>fltud.obj</name>
      </input_file>
      <input_file id="fl-3c">
         <path>D:\ti\ccsv7\tools\compiler\ti-cgt-msp430_16.9.1.LTS\lib\</path>
         <kind>archive</kind>
         <file>rts430x_lc_sd_eabi.lib</file>
         <name>fltuld.obj</name>
      </input_file>
      <input_file id="fl-3d">
         <path>D:\ti\ccsv7\tools\compiler\ti-cgt-msp430_16.9.1.LTS\lib\</path>
         <kind>archive</kind>
         <file>rts430x_lc_sd_eabi.lib</file>
         <name>frcdivd.obj</name>
      </input_file>
      <input_file id="fl-3e">
         <path>D:\ti\ccsv7\tools\compiler\ti-cgt-msp430_16.9.1.LTS\lib\</path>
         <kind>archive</kind>
         <file>rts430x_lc_sd_eabi.lib</file>
         <name>fs_div.obj</name>
      </input_file>
      <input_file id="fl-3f">
         <path>D:\ti\ccsv7\tools\compiler\ti-cgt-msp430_16.9.1.LTS\lib\</path>
         <kind>archive</kind>
         <file>rts430x_lc_sd_eabi.lib</file>
         <name>fs_mpy.obj</name>
      </input_file>
      <input_file id="fl-40">
         <path>D:\ti\ccsv7\tools\compiler\ti-cgt-msp430_16.9.1.LTS\lib\</path>
         <kind>archive</kind>
         <file>rts430x_lc_sd_eabi.lib</file>
         <name>fs_tou.obj</name>
      </input_file>
      <input_file id="fl-41">
         <path>D:\ti\ccsv7\tools\compiler\ti-cgt-msp430_16.9.1.LTS\lib\</path>
         <kind>archive</kind>
         <file>rts430x_lc_sd_eabi.lib</file>
         <name>fs_utof.obj</name>
      </input_file>
      <input_file id="fl-42">
         <path>D:\ti\ccsv7\tools\compiler\ti-cgt-msp430_16.9.1.LTS\lib\</path>
         <kind>archive</kind>
         <file>rts430x_lc_sd_eabi.lib</file>
         <name>int47.obj</name>
      </input_file>
      <input_file id="fl-43">
         <path>D:\ti\ccsv7\tools\compiler\ti-cgt-msp430_16.9.1.LTS\lib\</path>
         <kind>archive</kind>
         <file>rts430x_lc_sd_eabi.lib</file>
         <name>int51.obj</name>
      </input_file>
      <input_file id="fl-44">
         <path>D:\ti\ccsv7\tools\compiler\ti-cgt-msp430_16.9.1.LTS\lib\</path>
         <kind>archive</kind>
         <file>rts430x_lc_sd_eabi.lib</file>
         <name>int54.obj</name>
      </input_file>
      <input_file id="fl-45">
         <path>D:\ti\ccsv7\tools\compiler\ti-cgt-msp430_16.9.1.LTS\lib\</path>
         <kind>archive</kind>
         <file>rts430x_lc_sd_eabi.lib</file>
         <name>int55.obj</name>
      </input_file>
      <input_file id="fl-46">
         <path>D:\ti\ccsv7\tools\compiler\ti-cgt-msp430_16.9.1.LTS\lib\</path>
         <kind>archive</kind>
         <file>rts430x_lc_sd_eabi.lib</file>
         <name>int56.obj</name>
      </input_file>
      <input_file id="fl-47">
         <path>D:\ti\ccsv7\tools\compiler\ti-cgt-msp430_16.9.1.LTS\lib\</path>
         <kind>archive</kind>
         <file>rts430x_lc_sd_eabi.lib</file>
         <name>int57.obj</name>
      </input_file>
      <input_file id="fl-48">
         <path>D:\ti\ccsv7\tools\compiler\ti-cgt-msp430_16.9.1.LTS\lib\</path>
         <kind>archive</kind>
         <file>rts430x_lc_sd_eabi.lib</file>
         <name>int58.obj</name>
      </input_file>
      <input_file id="fl-49">
         <path>D:\ti\ccsv7\tools\compiler\ti-cgt-msp430_16.9.1.LTS\lib\</path>
         <kind>archive</kind>
         <file>rts430x_lc_sd_eabi.lib</file>
         <name>isr_trap.obj</name>
      </input_file>
      <input_file id="fl-4a">
         <path>D:\ti\ccsv7\tools\compiler\ti-cgt-msp430_16.9.1.LTS\lib\</path>
         <kind>archive</kind>
         <file>rts430x_lc_sd_eabi.lib</file>
         <name>lsl32.obj</name>
      </input_file>
      <input_file id="fl-4b">
         <path>D:\ti\ccsv7\tools\compiler\ti-cgt-msp430_16.9.1.LTS\lib\</path>
         <kind>archive</kind>
         <file>rts430x_lc_sd_eabi.lib</file>
         <name>lsr32.obj</name>
      </input_file>
      <input_file id="fl-4c">
         <path>D:\ti\ccsv7\tools\compiler\ti-cgt-msp430_16.9.1.LTS\lib\</path>
         <kind>archive</kind>
         <file>rts430x_lc_sd_eabi.lib</file>
         <name>lsr64.obj</name>
      </input_file>
      <input_file id="fl-4d">
         <path>D:\ti\ccsv7\tools\compiler\ti-cgt-msp430_16.9.1.LTS\lib\</path>
         <kind>archive</kind>
         <file>rts430x_lc_sd_eabi.lib</file>
         <name>mpu_init.obj</name>
      </input_file>
      <input_file id="fl-4e">
         <path>D:\ti\ccsv7\tools\compiler\ti-cgt-msp430_16.9.1.LTS\lib\</path>
         <kind>archive</kind>
         <file>rts430x_lc_sd_eabi.lib</file>
         <name>mpyd.obj</name>
      </input_file>
      <input_file id="fl-4f">
         <path>D:\ti\ccsv7\tools\compiler\ti-cgt-msp430_16.9.1.LTS\lib\</path>
         <kind>archive</kind>
         <file>rts430x_lc_sd_eabi.lib</file>
         <name>mult16.obj</name>
      </input_file>
      <input_file id="fl-50">
         <path>D:\ti\ccsv7\tools\compiler\ti-cgt-msp430_16.9.1.LTS\lib\</path>
         <kind>archive</kind>
         <file>rts430x_lc_sd_eabi.lib</file>
         <name>mult32.obj</name>
      </input_file>
      <input_file id="fl-51">
         <path>D:\ti\ccsv7\tools\compiler\ti-cgt-msp430_16.9.1.LTS\lib\</path>
         <kind>archive</kind>
         <file>rts430x_lc_sd_eabi.lib</file>
         <name>pre_init.obj</name>
      </input_file>
      <input_file id="fl-52">
         <path>D:\ti\ccsv7\tools\compiler\ti-cgt-msp430_16.9.1.LTS\lib\</path>
         <kind>archive</kind>
         <file>rts430x_lc_sd_eabi.lib</file>
         <name>_lock.obj</name>
      </input_file>
      <input_file id="fl-53">
         <path>D:\ti\ccsv7\tools\compiler\ti-cgt-msp430_16.9.1.LTS\lib\</path>
         <kind>archive</kind>
         <file>rts430x_lc_sd_eabi.lib</file>
         <name>args_main.obj</name>
      </input_file>
      <input_file id="fl-54">
         <path>D:\ti\ccsv7\tools\compiler\ti-cgt-msp430_16.9.1.LTS\lib\</path>
         <kind>archive</kind>
         <file>rts430x_lc_sd_eabi.lib</file>
         <name>asr32.obj</name>
      </input_file>
      <input_file id="fl-55">
         <path>D:\ti\ccsv7\tools\compiler\ti-cgt-msp430_16.9.1.LTS\lib\</path>
         <kind>archive</kind>
         <file>rts430x_lc_sd_eabi.lib</file>
         <name>autoinit_wdt.obj</name>
      </input_file>
      <input_file id="fl-56">
         <path>D:\ti\ccsv7\tools\compiler\ti-cgt-msp430_16.9.1.LTS\lib\</path>
         <kind>archive</kind>
         <file>rts430x_lc_sd_eabi.lib</file>
         <name>cpy_tbl.obj</name>
      </input_file>
      <input_file id="fl-57">
         <path>D:\ti\ccsv7\tools\compiler\ti-cgt-msp430_16.9.1.LTS\lib\</path>
         <kind>archive</kind>
         <file>rts430x_lc_sd_eabi.lib</file>
         <name>frcmpyd.obj</name>
      </input_file>
      <input_file id="fl-58">
         <path>D:\ti\ccsv7\tools\compiler\ti-cgt-msp430_16.9.1.LTS\lib\</path>
         <kind>archive</kind>
         <file>rts430x_lc_sd_eabi.lib</file>
         <name>memcpy.obj</name>
      </input_file>
      <input_file id="fl-59">
         <path>D:\ti\ccsv7\tools\compiler\ti-cgt-msp430_16.9.1.LTS\lib\</path>
         <kind>archive</kind>
         <file>rts430x_lc_sd_eabi.lib</file>
         <name>startup.obj</name>
      </input_file>
   </input_file_list>
   <object_component_list>
      <object_component id="oc-5d7">
         <name>.cinit..data.load</name>
         <load_address>0xc400</load_address>
         <run_address>0xc400</run_address>
         <size>0x12</size>
      </object_component>
      <object_component id="oc-5d4">
         <name>__TI_handler_table</name>
         <load_address>0xc412</load_address>
         <run_address>0xc412</run_address>
         <size>0xc</size>
      </object_component>
      <object_component id="oc-5d6">
         <name>.cinit..bss.load</name>
         <load_address>0xc41e</load_address>
         <run_address>0xc41e</run_address>
         <size>0x6</size>
      </object_component>
      <object_component id="oc-5d5">
         <name>__TI_cinit_table</name>
         <load_address>0xc424</load_address>
         <run_address>0xc424</run_address>
         <size>0x10</size>
      </object_component>
      <object_component id="oc-574">
         <name>.binit</name>
         <load_address>0xc434</load_address>
         <run_address>0xc434</run_address>
         <size>0x0</size>
      </object_component>
      <object_component id="oc-459">
         <name>.text:__TI_frcdivd</name>
         <load_address>0xc434</load_address>
         <run_address>0xc434</run_address>
         <size>0x478</size>
         <input_file_ref idref="fl-3d"/>
      </object_component>
      <object_component id="oc-466">
         <name>.text:__TI_frcmpyd</name>
         <load_address>0xc8ac</load_address>
         <run_address>0xc8ac</run_address>
         <size>0x286</size>
         <input_file_ref idref="fl-57"/>
      </object_component>
      <object_component id="oc-3c9">
         <name>.text:__mspabi_mpyd</name>
         <load_address>0xcb32</load_address>
         <run_address>0xcb32</run_address>
         <size>0x280</size>
         <input_file_ref idref="fl-4e"/>
      </object_component>
      <object_component id="oc-3c3">
         <name>.text:__mspabi_divd</name>
         <load_address>0xcdb2</load_address>
         <run_address>0xcdb2</run_address>
         <size>0x220</size>
         <input_file_ref idref="fl-36"/>
      </object_component>
      <object_component id="oc-327">
         <name>.text:initGpio</name>
         <load_address>0xcfd2</load_address>
         <run_address>0xcfd2</run_address>
         <size>0x124</size>
         <input_file_ref idref="fl-6"/>
      </object_component>
      <object_component id="oc-63">
         <name>.text:decompress:lzss:__TI_decompress_lzss</name>
         <load_address>0xd0f6</load_address>
         <run_address>0xd0f6</run_address>
         <size>0xee</size>
         <input_file_ref idref="fl-2d"/>
      </object_component>
      <object_component id="oc-258">
         <name>.text:_isr:Port_2</name>
         <load_address>0xd1e4</load_address>
         <run_address>0xd1e4</run_address>
         <size>0xd4</size>
         <input_file_ref idref="fl-c"/>
      </object_component>
      <object_component id="oc-495">
         <name>.text</name>
         <load_address>0xd2b8</load_address>
         <run_address>0xd2b8</run_address>
         <size>0xb8</size>
         <input_file_ref idref="fl-3f"/>
      </object_component>
      <object_component id="oc-300">
         <name>.text:copy_in</name>
         <load_address>0xd370</load_address>
         <run_address>0xd370</run_address>
         <size>0xb2</size>
         <input_file_ref idref="fl-56"/>
      </object_component>
      <object_component id="oc-40c">
         <name>.text:Angle_correction</name>
         <load_address>0xd422</load_address>
         <run_address>0xd422</run_address>
         <size>0x9a</size>
         <input_file_ref idref="fl-3"/>
      </object_component>
      <object_component id="oc-28d">
         <name>.text:_auto_init_hold_wdt</name>
         <load_address>0xd4bc</load_address>
         <run_address>0xd4bc</run_address>
         <size>0x96</size>
         <input_file_ref idref="fl-55"/>
      </object_component>
      <object_component id="oc-269">
         <name>.text:_isr:USCI_B0_ISR</name>
         <load_address>0xd552</load_address>
         <run_address>0xd552</run_address>
         <size>0x96</size>
         <input_file_ref idref="fl-8"/>
      </object_component>
      <object_component id="oc-4b8">
         <name>.text:get_press_temp</name>
         <load_address>0xd5e8</load_address>
         <run_address>0xd5e8</run_address>
         <size>0x96</size>
         <input_file_ref idref="fl-7"/>
      </object_component>
      <object_component id="oc-263">
         <name>.text:_isr:ADC_ISR</name>
         <load_address>0xd67e</load_address>
         <run_address>0xd67e</run_address>
         <size>0x94</size>
         <input_file_ref idref="fl-2"/>
      </object_component>
      <object_component id="oc-3b8">
         <name>.text</name>
         <load_address>0xd712</load_address>
         <run_address>0xd712</run_address>
         <size>0x90</size>
         <input_file_ref idref="fl-3e"/>
      </object_component>
      <object_component id="oc-50a">
         <name>.text:__mspabi_cvtdf</name>
         <load_address>0xd7a2</load_address>
         <run_address>0xd7a2</run_address>
         <size>0x8c</size>
         <input_file_ref idref="fl-31"/>
      </object_component>
      <object_component id="oc-546">
         <name>.text:__mspabi_fltuld</name>
         <load_address>0xd82e</load_address>
         <run_address>0xd82e</run_address>
         <size>0x80</size>
         <input_file_ref idref="fl-3c"/>
      </object_component>
      <object_component id="oc-33f">
         <name>.text:vent_self_test</name>
         <load_address>0xd8ae</load_address>
         <run_address>0xd8ae</run_address>
         <size>0x80</size>
         <input_file_ref idref="fl-d"/>
      </object_component>
      <object_component id="oc-363">
         <name>.text:adc_repeat_single_channel_vcc</name>
         <load_address>0xd92e</load_address>
         <run_address>0xd92e</run_address>
         <size>0x74</size>
         <input_file_ref idref="fl-2"/>
      </object_component>
      <object_component id="oc-3bd">
         <name>.text:__mspabi_cvtfd</name>
         <load_address>0xd9a2</load_address>
         <run_address>0xd9a2</run_address>
         <size>0x6e</size>
         <input_file_ref idref="fl-32"/>
      </object_component>
      <object_component id="oc-46e">
         <name>.text:__mspabi_fixdul</name>
         <load_address>0xda10</load_address>
         <run_address>0xda10</run_address>
         <size>0x68</size>
         <input_file_ref idref="fl-3a"/>
      </object_component>
      <object_component id="oc-339">
         <name>.text:bat_info_init</name>
         <load_address>0xda78</load_address>
         <run_address>0xda78</run_address>
         <size>0x68</size>
         <input_file_ref idref="fl-4"/>
      </object_component>
      <object_component id="oc-41c">
         <name>.text:bat_detect</name>
         <load_address>0xdae0</load_address>
         <run_address>0xdae0</run_address>
         <size>0x60</size>
         <input_file_ref idref="fl-4"/>
      </object_component>
      <object_component id="oc-4e5">
         <name>.text</name>
         <load_address>0xdb40</load_address>
         <run_address>0xdb40</run_address>
         <size>0x58</size>
         <input_file_ref idref="fl-35"/>
      </object_component>
      <object_component id="oc-4a4">
         <name>.text:adc_repeat_single_channel_1v5</name>
         <load_address>0xdb98</load_address>
         <run_address>0xdb98</run_address>
         <size>0x4e</size>
         <input_file_ref idref="fl-2"/>
      </object_component>
      <object_component id="oc-32d">
         <name>.text:cs_init</name>
         <load_address>0xdbe6</load_address>
         <run_address>0xdbe6</run_address>
         <size>0x4c</size>
         <input_file_ref idref="fl-5"/>
      </object_component>
      <object_component id="oc-49a">
         <name>.text</name>
         <load_address>0xdc32</load_address>
         <run_address>0xdc32</run_address>
         <size>0x46</size>
         <input_file_ref idref="fl-40"/>
      </object_component>
      <object_component id="oc-24c">
         <name>.text:__memcpy_far</name>
         <load_address>0xdc78</load_address>
         <run_address>0xdc78</run_address>
         <size>0x40</size>
         <input_file_ref idref="fl-30"/>
      </object_component>
      <object_component id="oc-479">
         <name>.text</name>
         <load_address>0xdcb8</load_address>
         <run_address>0xdcb8</run_address>
         <size>0x40</size>
         <input_file_ref idref="fl-34"/>
      </object_component>
      <object_component id="oc-7c">
         <name>.text:decompress:ZI:__TI_zero_init</name>
         <load_address>0xdcf8</load_address>
         <run_address>0xdcf8</run_address>
         <size>0x3e</size>
         <input_file_ref idref="fl-2f"/>
      </object_component>
      <object_component id="oc-44e">
         <name>.text:l_asr_const</name>
         <load_address>0xdd36</load_address>
         <run_address>0xdd36</run_address>
         <size>0x3e</size>
         <input_file_ref idref="fl-54"/>
      </object_component>
      <object_component id="oc-4cd">
         <name>.text:l_lsl_const</name>
         <load_address>0xdd74</load_address>
         <run_address>0xdd74</run_address>
         <size>0x3e</size>
         <input_file_ref idref="fl-4a"/>
      </object_component>
      <object_component id="oc-4c8">
         <name>.text:l_lsr_const</name>
         <load_address>0xddb2</load_address>
         <run_address>0xddb2</run_address>
         <size>0x3e</size>
         <input_file_ref idref="fl-4b"/>
      </object_component>
      <object_component id="oc-2d1">
         <name>.text:read_angle_value</name>
         <load_address>0xddf0</load_address>
         <run_address>0xddf0</run_address>
         <size>0x3e</size>
         <input_file_ref idref="fl-3"/>
      </object_component>
      <object_component id="oc-69">
         <name>.text:decompress:none:__TI_decompress_none</name>
         <load_address>0xde2e</load_address>
         <run_address>0xde2e</run_address>
         <size>0x3c</size>
         <input_file_ref idref="fl-2e"/>
      </object_component>
      <object_component id="oc-345">
         <name>.text:rtc_wake_isr</name>
         <load_address>0xde6a</load_address>
         <run_address>0xde6a</run_address>
         <size>0x3c</size>
         <input_file_ref idref="fl-e"/>
      </object_component>
      <object_component id="oc-4f7">
         <name>.text:motor_Forward_start</name>
         <load_address>0xdea6</load_address>
         <run_address>0xdea6</run_address>
         <size>0x3a</size>
         <input_file_ref idref="fl-b"/>
      </object_component>
      <object_component id="oc-4f1">
         <name>.text:motor_Reverse_start</name>
         <load_address>0xdee0</load_address>
         <run_address>0xdee0</run_address>
         <size>0x3a</size>
         <input_file_ref idref="fl-b"/>
      </object_component>
      <object_component id="oc-561">
         <name>.text:i2c_read</name>
         <load_address>0xdf1a</load_address>
         <run_address>0xdf1a</run_address>
         <size>0x38</size>
         <input_file_ref idref="fl-8"/>
      </object_component>
      <object_component id="oc-4b0">
         <name>.text:read_bat_Elec</name>
         <load_address>0xdf52</load_address>
         <run_address>0xdf52</run_address>
         <size>0x36</size>
         <input_file_ref idref="fl-4"/>
      </object_component>
      <object_component id="oc-559">
         <name>.text:i2c_Write</name>
         <load_address>0xdf88</load_address>
         <run_address>0xdf88</run_address>
         <size>0x34</size>
         <input_file_ref idref="fl-8"/>
      </object_component>
      <object_component id="oc-2a7">
         <name>.text:main</name>
         <load_address>0xdfbc</load_address>
         <run_address>0xdfbc</run_address>
         <size>0x32</size>
         <input_file_ref idref="fl-a"/>
      </object_component>
      <object_component id="oc-526">
         <name>.text:hp203b_adc_cvt</name>
         <load_address>0xdfee</load_address>
         <run_address>0xdfee</run_address>
         <size>0x2e</size>
         <input_file_ref idref="fl-7"/>
      </object_component>
      <object_component id="oc-3ee">
         <name>.text:pwm_init</name>
         <load_address>0xe01c</load_address>
         <run_address>0xe01c</run_address>
         <size>0x2c</size>
         <input_file_ref idref="fl-b"/>
      </object_component>
      <object_component id="oc-52c">
         <name>.text:hp203b_read_pt</name>
         <load_address>0xe048</load_address>
         <run_address>0xe048</run_address>
         <size>0x26</size>
         <input_file_ref idref="fl-7"/>
      </object_component>
      <object_component id="oc-4d2">
         <name>.text</name>
         <load_address>0xe06e</load_address>
         <run_address>0xe06e</run_address>
         <size>0x26</size>
         <input_file_ref idref="fl-50"/>
      </object_component>
      <object_component id="oc-490">
         <name>.text</name>
         <load_address>0xe094</load_address>
         <run_address>0xe094</run_address>
         <size>0x24</size>
         <input_file_ref idref="fl-41"/>
      </object_component>
      <object_component id="oc-51a">
         <name>.text:delay_hw_ms</name>
         <load_address>0xe0b8</load_address>
         <run_address>0xe0b8</run_address>
         <size>0x20</size>
         <input_file_ref idref="fl-f"/>
      </object_component>
      <object_component id="oc-2c5">
         <name>.text:motor_stop_operate</name>
         <load_address>0xe0d8</load_address>
         <run_address>0xe0d8</run_address>
         <size>0x1e</size>
         <input_file_ref idref="fl-b"/>
      </object_component>
      <object_component id="oc-406">
         <name>.text:timer_end</name>
         <load_address>0xe0f6</load_address>
         <run_address>0xe0f6</run_address>
         <size>0x1e</size>
         <input_file_ref idref="fl-f"/>
      </object_component>
      <object_component id="oc-422">
         <name>.text:i2c_init</name>
         <load_address>0xe114</load_address>
         <run_address>0xe114</run_address>
         <size>0x1c</size>
         <input_file_ref idref="fl-8"/>
      </object_component>
      <object_component id="oc-480">
         <name>.text:motor_open</name>
         <load_address>0xe130</load_address>
         <run_address>0xe130</run_address>
         <size>0x1c</size>
         <input_file_ref idref="fl-b"/>
      </object_component>
      <object_component id="oc-9a">
         <name>.text:_isr:_c_int00_noargs_noexit</name>
         <load_address>0xe14c</load_address>
         <run_address>0xe14c</run_address>
         <size>0x1a</size>
         <input_file_ref idref="fl-2c"/>
      </object_component>
      <object_component id="oc-3e8">
         <name>.text:motor_init</name>
         <load_address>0xe166</load_address>
         <run_address>0xe166</run_address>
         <size>0x1a</size>
         <input_file_ref idref="fl-b"/>
      </object_component>
      <object_component id="oc-27b">
         <name>.text:_isr:TIMER1_A1_ISR</name>
         <load_address>0xe180</load_address>
         <run_address>0xe180</run_address>
         <size>0x16</size>
         <input_file_ref idref="fl-f"/>
      </object_component>
      <object_component id="oc-26f">
         <name>.text:_isr:USCI_A0_ISR</name>
         <load_address>0xe196</load_address>
         <run_address>0xe196</run_address>
         <size>0x16</size>
         <input_file_ref idref="fl-10"/>
      </object_component>
      <object_component id="oc-520">
         <name>.text:hp203b_rst</name>
         <load_address>0xe1ac</load_address>
         <run_address>0xe1ac</run_address>
         <size>0x16</size>
         <input_file_ref idref="fl-7"/>
      </object_component>
      <object_component id="oc-369">
         <name>.text</name>
         <load_address>0xe1c2</load_address>
         <run_address>0xe1c2</run_address>
         <size>0x16</size>
         <input_file_ref idref="fl-33"/>
      </object_component>
      <object_component id="oc-37d">
         <name>.text</name>
         <load_address>0xe1d8</load_address>
         <run_address>0xe1d8</run_address>
         <size>0x14</size>
         <input_file_ref idref="fl-4f"/>
      </object_component>
      <object_component id="oc-3d6">
         <name>.text:vent_info_init</name>
         <load_address>0xe1ec</load_address>
         <run_address>0xe1ec</run_address>
         <size>0x14</size>
         <input_file_ref idref="fl-d"/>
      </object_component>
      <object_component id="oc-3cf">
         <name>.text:__mspabi_fixdu</name>
         <load_address>0xe200</load_address>
         <run_address>0xe200</run_address>
         <size>0x12</size>
         <input_file_ref idref="fl-39"/>
      </object_component>
      <object_component id="oc-382">
         <name>.text:memcpy</name>
         <load_address>0xe212</load_address>
         <run_address>0xe212</run_address>
         <size>0x12</size>
         <input_file_ref idref="fl-58"/>
      </object_component>
      <object_component id="oc-34b">
         <name>.text:rtc_init</name>
         <load_address>0xe224</load_address>
         <run_address>0xe224</run_address>
         <size>0x12</size>
         <input_file_ref idref="fl-e"/>
      </object_component>
      <object_component id="oc-4df">
         <name>.text:l_lsr</name>
         <load_address>0xe236</load_address>
         <run_address>0xe236</run_address>
         <size>0x10</size>
         <input_file_ref idref="fl-4b"/>
      </object_component>
      <object_component id="oc-3e2">
         <name>.text:timer_start</name>
         <load_address>0xe246</load_address>
         <run_address>0xe246</run_address>
         <size>0xe</size>
         <input_file_ref idref="fl-f"/>
      </object_component>
      <object_component id="oc-333">
         <name>.text:p2_int_init</name>
         <load_address>0xe254</load_address>
         <run_address>0xe254</run_address>
         <size>0xc</size>
         <input_file_ref idref="fl-c"/>
      </object_component>
      <object_component id="oc-275">
         <name>.text:_isr:RTC_ISR</name>
         <load_address>0xe260</load_address>
         <run_address>0xe260</run_address>
         <size>0xa</size>
         <input_file_ref idref="fl-e"/>
      </object_component>
      <object_component id="oc-428">
         <name>.text:hp203b_init</name>
         <load_address>0xe26a</load_address>
         <run_address>0xe26a</run_address>
         <size>0xa</size>
         <input_file_ref idref="fl-7"/>
      </object_component>
      <object_component id="oc-3fa">
         <name>.text:limit_error</name>
         <load_address>0xe274</load_address>
         <run_address>0xe274</run_address>
         <size>0xa</size>
         <input_file_ref idref="fl-d"/>
      </object_component>
      <object_component id="oc-400">
         <name>.text:vent_close</name>
         <load_address>0xe27e</load_address>
         <run_address>0xe27e</run_address>
         <size>0xa</size>
         <input_file_ref idref="fl-b"/>
      </object_component>
      <object_component id="oc-3f4">
         <name>.text:vent_open</name>
         <load_address>0xe288</load_address>
         <run_address>0xe288</run_address>
         <size>0xa</size>
         <input_file_ref idref="fl-b"/>
      </object_component>
      <object_component id="oc-25e">
         <name>.text:_isr:__TI_ISR_TRAP</name>
         <load_address>0xe292</load_address>
         <run_address>0xe292</run_address>
         <size>0x8</size>
         <input_file_ref idref="fl-49"/>
      </object_component>
      <object_component id="oc-2e0">
         <name>.text:blue_on</name>
         <load_address>0xe29a</load_address>
         <run_address>0xe29a</run_address>
         <size>0x8</size>
         <input_file_ref idref="fl-9"/>
      </object_component>
      <object_component id="oc-2e6">
         <name>.text:green_on</name>
         <load_address>0xe2a2</load_address>
         <run_address>0xe2a2</run_address>
         <size>0x8</size>
         <input_file_ref idref="fl-9"/>
      </object_component>
      <object_component id="oc-2da">
         <name>.text:led_off</name>
         <load_address>0xe2aa</load_address>
         <run_address>0xe2aa</run_address>
         <size>0x8</size>
         <input_file_ref idref="fl-9"/>
      </object_component>
      <object_component id="oc-4eb">
         <name>.text:motor_power_en</name>
         <load_address>0xe2b2</load_address>
         <run_address>0xe2b2</run_address>
         <size>0x8</size>
         <input_file_ref idref="fl-b"/>
      </object_component>
      <object_component id="oc-504">
         <name>.text:__mspabi_fltud</name>
         <load_address>0xe2ba</load_address>
         <run_address>0xe2ba</run_address>
         <size>0x6</size>
         <input_file_ref idref="fl-3b"/>
      </object_component>
      <object_component id="oc-2af">
         <name>.text:abort</name>
         <load_address>0xe2c0</load_address>
         <run_address>0xe2c0</run_address>
         <size>0x6</size>
         <input_file_ref idref="fl-37"/>
      </object_component>
      <object_component id="oc-3dc">
         <name>.text:angle_en</name>
         <load_address>0xe2c6</load_address>
         <run_address>0xe2c6</run_address>
         <size>0x6</size>
         <input_file_ref idref="fl-3"/>
      </object_component>
      <object_component id="oc-412">
         <name>.text:angle_off</name>
         <load_address>0xe2cc</load_address>
         <run_address>0xe2cc</run_address>
         <size>0x6</size>
         <input_file_ref idref="fl-3"/>
      </object_component>
      <object_component id="oc-4be">
         <name>.text:hp203b_off</name>
         <load_address>0xe2d2</load_address>
         <run_address>0xe2d2</run_address>
         <size>0x6</size>
         <input_file_ref idref="fl-7"/>
      </object_component>
      <object_component id="oc-514">
         <name>.text:hp203b_on</name>
         <load_address>0xe2d8</load_address>
         <run_address>0xe2d8</run_address>
         <size>0x6</size>
         <input_file_ref idref="fl-7"/>
      </object_component>
      <object_component id="oc-4aa">
         <name>.text:red_off</name>
         <load_address>0xe2de</load_address>
         <run_address>0xe2de</run_address>
         <size>0x6</size>
         <input_file_ref idref="fl-9"/>
      </object_component>
      <object_component id="oc-487">
         <name>.text:red_on</name>
         <load_address>0xe2e4</load_address>
         <run_address>0xe2e4</run_address>
         <size>0x6</size>
         <input_file_ref idref="fl-9"/>
      </object_component>
      <object_component id="oc-287">
         <name>.text:_system_pre_init</name>
         <load_address>0xe2ea</load_address>
         <run_address>0xe2ea</run_address>
         <size>0x4</size>
         <input_file_ref idref="fl-51"/>
      </object_component>
      <object_component id="oc-306">
         <name>.text:_system_post_cinit</name>
         <load_address>0xe2ee</load_address>
         <run_address>0xe2ee</run_address>
         <size>0x2</size>
         <input_file_ref idref="fl-59"/>
      </object_component>
      <object_component id="oc-2f1">
         <name>.common:ADC_Result</name>
         <uninitialized>true</uninitialized>
         <run_address>0x2096</run_address>
         <size>0x2</size>
      </object_component>
      <object_component id="oc-2ee">
         <name>.common:ADC_Count</name>
         <uninitialized>true</uninitialized>
         <run_address>0x20a4</run_address>
         <size>0x1</size>
      </object_component>
      <object_component id="oc-2d7">
         <name>.common:angle</name>
         <uninitialized>true</uninitialized>
         <run_address>0x203c</run_address>
         <size>0x18</size>
      </object_component>
      <object_component id="oc-362">
         <name>.common:angle_value</name>
         <uninitialized>true</uninitialized>
         <run_address>0x2054</run_address>
         <size>0x14</size>
      </object_component>
      <object_component id="oc-3b5">
         <name>.common:bat</name>
         <uninitialized>true</uninitialized>
         <run_address>0x2068</run_address>
         <size>0xe</size>
      </object_component>
      <object_component id="oc-4a3">
         <name>.common:Bat_Elec</name>
         <uninitialized>true</uninitialized>
         <run_address>0x2000</run_address>
         <size>0x3c</size>
      </object_component>
      <object_component id="oc-558">
         <name>.common:hp203b_cmd</name>
         <uninitialized>true</uninitialized>
         <run_address>0x208e</run_address>
         <size>0x4</size>
      </object_component>
      <object_component id="oc-532">
         <name>.common:hp203b_data</name>
         <uninitialized>true</uninitialized>
         <run_address>0x2082</run_address>
         <size>0x6</size>
      </object_component>
      <object_component id="oc-2f7">
         <name>.common:tx_data</name>
         <uninitialized>true</uninitialized>
         <run_address>0x20a2</run_address>
         <size>0x2</size>
      </object_component>
      <object_component id="oc-2fa">
         <name>.common:rx_data</name>
         <uninitialized>true</uninitialized>
         <run_address>0x209e</run_address>
         <size>0x2</size>
      </object_component>
      <object_component id="oc-2f6">
         <name>.common:tx_byte</name>
         <uninitialized>true</uninitialized>
         <run_address>0x20a0</run_address>
         <size>0x2</size>
      </object_component>
      <object_component id="oc-2f3">
         <name>.common:TXByteCtr</name>
         <uninitialized>true</uninitialized>
         <run_address>0x209a</run_address>
         <size>0x2</size>
      </object_component>
      <object_component id="oc-2f9">
         <name>.common:rx_byte</name>
         <uninitialized>true</uninitialized>
         <run_address>0x209c</run_address>
         <size>0x2</size>
      </object_component>
      <object_component id="oc-2f8">
         <name>.common:RXByteCtr</name>
         <uninitialized>true</uninitialized>
         <run_address>0x2098</run_address>
         <size>0x2</size>
      </object_component>
      <object_component id="oc-2cb">
         <name>.common:motor</name>
         <uninitialized>true</uninitialized>
         <run_address>0x2076</run_address>
         <size>0xc</size>
      </object_component>
      <object_component id="oc-47e">
         <name>.common:pwm</name>
         <uninitialized>true</uninitialized>
         <run_address>0x2092</run_address>
         <size>0x4</size>
      </object_component>
      <object_component id="oc-2ce">
         <name>.common:vent</name>
         <uninitialized>true</uninitialized>
         <run_address>0x2088</run_address>
         <size>0x6</size>
      </object_component>
      <object_component id="oc-511">
         <name>.data:adc_cvt</name>
         <load_address>0x20ba</load_address>
         <run_address>0x20ba</run_address>
         <size>0x3</size>
         <input_file_ref idref="fl-7"/>
      </object_component>
      <object_component id="oc-535">
         <name>.data:hp203b</name>
         <load_address>0x20a6</load_address>
         <run_address>0x20a6</run_address>
         <size>0x14</size>
         <input_file_ref idref="fl-7"/>
      </object_component>
      <object_component id="oc-419">
         <name>.data</name>
         <load_address>0x20be</load_address>
         <run_address>0x20be</run_address>
         <size>0x2</size>
         <input_file_ref idref="fl-e"/>
      </object_component>
      <object_component id="oc-23d">
         <name>.stack</name>
         <uninitialized>true</uninitialized>
         <run_address>0x2760</run_address>
         <size>0x2</size>
         <input_file_ref idref="fl-2b"/>
      </object_component>
      <object_component id="oc-5d8">
         <name>.stack</name>
         <uninitialized>true</uninitialized>
         <run_address>0x2760</run_address>
         <size>0x0</size>
      </object_component>
      <object_component id="oc-6f">
         <name>.int46</name>
         <load_address>0xffe4</load_address>
         <run_address>0xffe4</run_address>
         <size>0x2</size>
         <input_file_ref idref="fl-c"/>
      </object_component>
      <object_component id="oc-70">
         <name>.int47</name>
         <load_address>0xffe6</load_address>
         <run_address>0xffe6</run_address>
         <size>0x2</size>
         <input_file_ref idref="fl-42"/>
      </object_component>
      <object_component id="oc-71">
         <name>.int48</name>
         <load_address>0xffe8</load_address>
         <run_address>0xffe8</run_address>
         <size>0x2</size>
         <input_file_ref idref="fl-2"/>
      </object_component>
      <object_component id="oc-72">
         <name>.int49</name>
         <load_address>0xffea</load_address>
         <run_address>0xffea</run_address>
         <size>0x2</size>
         <input_file_ref idref="fl-8"/>
      </object_component>
      <object_component id="oc-73">
         <name>.int50</name>
         <load_address>0xffec</load_address>
         <run_address>0xffec</run_address>
         <size>0x2</size>
         <input_file_ref idref="fl-10"/>
      </object_component>
      <object_component id="oc-74">
         <name>.int51</name>
         <load_address>0xffee</load_address>
         <run_address>0xffee</run_address>
         <size>0x2</size>
         <input_file_ref idref="fl-43"/>
      </object_component>
      <object_component id="oc-75">
         <name>.int52</name>
         <load_address>0xfff0</load_address>
         <run_address>0xfff0</run_address>
         <size>0x2</size>
         <input_file_ref idref="fl-e"/>
      </object_component>
      <object_component id="oc-76">
         <name>.int53</name>
         <load_address>0xfff2</load_address>
         <run_address>0xfff2</run_address>
         <size>0x2</size>
         <input_file_ref idref="fl-f"/>
      </object_component>
      <object_component id="oc-77">
         <name>.int54</name>
         <load_address>0xfff4</load_address>
         <run_address>0xfff4</run_address>
         <size>0x2</size>
         <input_file_ref idref="fl-44"/>
      </object_component>
      <object_component id="oc-78">
         <name>.int55</name>
         <load_address>0xfff6</load_address>
         <run_address>0xfff6</run_address>
         <size>0x2</size>
         <input_file_ref idref="fl-45"/>
      </object_component>
      <object_component id="oc-79">
         <name>.int56</name>
         <load_address>0xfff8</load_address>
         <run_address>0xfff8</run_address>
         <size>0x2</size>
         <input_file_ref idref="fl-46"/>
      </object_component>
      <object_component id="oc-7a">
         <name>.int57</name>
         <load_address>0xfffa</load_address>
         <run_address>0xfffa</run_address>
         <size>0x2</size>
         <input_file_ref idref="fl-47"/>
      </object_component>
      <object_component id="oc-7b">
         <name>.int58</name>
         <load_address>0xfffc</load_address>
         <run_address>0xfffc</run_address>
         <size>0x2</size>
         <input_file_ref idref="fl-48"/>
      </object_component>
      <object_component id="oc-240">
         <name>.reset</name>
         <load_address>0xfffe</load_address>
         <run_address>0xfffe</run_address>
         <size>0x2</size>
         <input_file_ref idref="fl-2b"/>
      </object_component>
      <object_component id="oc-2ef">
         <name>.debug_info</name>
         <load_address>0x0</load_address>
         <run_address>0x0</run_address>
         <size>0x371</size>
         <input_file_ref idref="fl-2"/>
      </object_component>
      <object_component id="oc-4a5">
         <name>.debug_info</name>
         <load_address>0x371</load_address>
         <run_address>0x371</run_address>
         <size>0x175</size>
         <input_file_ref idref="fl-2"/>
      </object_component>
      <object_component id="oc-364">
         <name>.debug_info</name>
         <load_address>0x4e6</load_address>
         <run_address>0x4e6</run_address>
         <size>0x195</size>
         <input_file_ref idref="fl-2"/>
      </object_component>
      <object_component id="oc-264">
         <name>.debug_info</name>
         <load_address>0x67b</load_address>
         <run_address>0x67b</run_address>
         <size>0xe9</size>
         <input_file_ref idref="fl-2"/>
      </object_component>
      <object_component id="oc-247">
         <name>.debug_info</name>
         <load_address>0x764</load_address>
         <run_address>0x764</run_address>
         <size>0x84</size>
         <input_file_ref idref="fl-2"/>
      </object_component>
      <object_component id="oc-2d8">
         <name>.debug_info</name>
         <load_address>0x7e8</load_address>
         <run_address>0x7e8</run_address>
         <size>0x259</size>
         <input_file_ref idref="fl-3"/>
      </object_component>
      <object_component id="oc-3dd">
         <name>.debug_info</name>
         <load_address>0xa41</load_address>
         <run_address>0xa41</run_address>
         <size>0xea</size>
         <input_file_ref idref="fl-3"/>
      </object_component>
      <object_component id="oc-413">
         <name>.debug_info</name>
         <load_address>0xb2b</load_address>
         <run_address>0xb2b</run_address>
         <size>0xec</size>
         <input_file_ref idref="fl-3"/>
      </object_component>
      <object_component id="oc-40d">
         <name>.debug_info</name>
         <load_address>0xc17</load_address>
         <run_address>0xc17</run_address>
         <size>0x1c7</size>
         <input_file_ref idref="fl-3"/>
      </object_component>
      <object_component id="oc-2d2">
         <name>.debug_info</name>
         <load_address>0xdde</load_address>
         <run_address>0xdde</run_address>
         <size>0x16d</size>
         <input_file_ref idref="fl-3"/>
      </object_component>
      <object_component id="oc-371">
         <name>.debug_info</name>
         <load_address>0xf4b</load_address>
         <run_address>0xf4b</run_address>
         <size>0x109</size>
         <input_file_ref idref="fl-3"/>
      </object_component>
      <object_component id="oc-3b6">
         <name>.debug_info</name>
         <load_address>0x1054</load_address>
         <run_address>0x1054</run_address>
         <size>0x20c</size>
         <input_file_ref idref="fl-4"/>
      </object_component>
      <object_component id="oc-33a">
         <name>.debug_info</name>
         <load_address>0x1260</load_address>
         <run_address>0x1260</run_address>
         <size>0x169</size>
         <input_file_ref idref="fl-4"/>
      </object_component>
      <object_component id="oc-4b1">
         <name>.debug_info</name>
         <load_address>0x13c9</load_address>
         <run_address>0x13c9</run_address>
         <size>0x141</size>
         <input_file_ref idref="fl-4"/>
      </object_component>
      <object_component id="oc-41d">
         <name>.debug_info</name>
         <load_address>0x150a</load_address>
         <run_address>0x150a</run_address>
         <size>0x173</size>
         <input_file_ref idref="fl-4"/>
      </object_component>
      <object_component id="oc-448">
         <name>.debug_info</name>
         <load_address>0x167d</load_address>
         <run_address>0x167d</run_address>
         <size>0xa5</size>
         <input_file_ref idref="fl-4"/>
      </object_component>
      <object_component id="oc-32e">
         <name>.debug_info</name>
         <load_address>0x1722</load_address>
         <run_address>0x1722</run_address>
         <size>0xdf</size>
         <input_file_ref idref="fl-5"/>
      </object_component>
      <object_component id="oc-328">
         <name>.debug_info</name>
         <load_address>0x1801</load_address>
         <run_address>0x1801</run_address>
         <size>0xe7</size>
         <input_file_ref idref="fl-6"/>
      </object_component>
      <object_component id="oc-533">
         <name>.debug_info</name>
         <load_address>0x18e8</load_address>
         <run_address>0x18e8</run_address>
         <size>0x28c</size>
         <input_file_ref idref="fl-7"/>
      </object_component>
      <object_component id="oc-512">
         <name>.debug_info</name>
         <load_address>0x1b74</load_address>
         <run_address>0x1b74</run_address>
         <size>0xbd</size>
         <input_file_ref idref="fl-7"/>
      </object_component>
      <object_component id="oc-536">
         <name>.debug_info</name>
         <load_address>0x1c31</load_address>
         <run_address>0x1c31</run_address>
         <size>0xbb</size>
         <input_file_ref idref="fl-7"/>
      </object_component>
      <object_component id="oc-4bf">
         <name>.debug_info</name>
         <load_address>0x1cec</load_address>
         <run_address>0x1cec</run_address>
         <size>0xf1</size>
         <input_file_ref idref="fl-7"/>
      </object_component>
      <object_component id="oc-515">
         <name>.debug_info</name>
         <load_address>0x1ddd</load_address>
         <run_address>0x1ddd</run_address>
         <size>0xef</size>
         <input_file_ref idref="fl-7"/>
      </object_component>
      <object_component id="oc-521">
         <name>.debug_info</name>
         <load_address>0x1ecc</load_address>
         <run_address>0x1ecc</run_address>
         <size>0x101</size>
         <input_file_ref idref="fl-7"/>
      </object_component>
      <object_component id="oc-527">
         <name>.debug_info</name>
         <load_address>0x1fcd</load_address>
         <run_address>0x1fcd</run_address>
         <size>0x109</size>
         <input_file_ref idref="fl-7"/>
      </object_component>
      <object_component id="oc-52d">
         <name>.debug_info</name>
         <load_address>0x20d6</load_address>
         <run_address>0x20d6</run_address>
         <size>0x118</size>
         <input_file_ref idref="fl-7"/>
      </object_component>
      <object_component id="oc-4b9">
         <name>.debug_info</name>
         <load_address>0x21ee</load_address>
         <run_address>0x21ee</run_address>
         <size>0x1a4</size>
         <input_file_ref idref="fl-7"/>
      </object_component>
      <object_component id="oc-429">
         <name>.debug_info</name>
         <load_address>0x2392</load_address>
         <run_address>0x2392</run_address>
         <size>0x119</size>
         <input_file_ref idref="fl-7"/>
      </object_component>
      <object_component id="oc-551">
         <name>.debug_info</name>
         <load_address>0x24ab</load_address>
         <run_address>0x24ab</run_address>
         <size>0x13f</size>
         <input_file_ref idref="fl-7"/>
      </object_component>
      <object_component id="oc-2f4">
         <name>.debug_info</name>
         <load_address>0x25ea</load_address>
         <run_address>0x25ea</run_address>
         <size>0x3b0</size>
         <input_file_ref idref="fl-8"/>
      </object_component>
      <object_component id="oc-55a">
         <name>.debug_info</name>
         <load_address>0x299a</load_address>
         <run_address>0x299a</run_address>
         <size>0x151</size>
         <input_file_ref idref="fl-8"/>
      </object_component>
      <object_component id="oc-562">
         <name>.debug_info</name>
         <load_address>0x2aeb</load_address>
         <run_address>0x2aeb</run_address>
         <size>0x14f</size>
         <input_file_ref idref="fl-8"/>
      </object_component>
      <object_component id="oc-423">
         <name>.debug_info</name>
         <load_address>0x2c3a</load_address>
         <run_address>0x2c3a</run_address>
         <size>0xed</size>
         <input_file_ref idref="fl-8"/>
      </object_component>
      <object_component id="oc-26a">
         <name>.debug_info</name>
         <load_address>0x2d27</load_address>
         <run_address>0x2d27</run_address>
         <size>0xf4</size>
         <input_file_ref idref="fl-8"/>
      </object_component>
      <object_component id="oc-2db">
         <name>.debug_info</name>
         <load_address>0x2e1b</load_address>
         <run_address>0x2e1b</run_address>
         <size>0xe2</size>
         <input_file_ref idref="fl-9"/>
      </object_component>
      <object_component id="oc-488">
         <name>.debug_info</name>
         <load_address>0x2efd</load_address>
         <run_address>0x2efd</run_address>
         <size>0xe0</size>
         <input_file_ref idref="fl-9"/>
      </object_component>
      <object_component id="oc-4ab">
         <name>.debug_info</name>
         <load_address>0x2fdd</load_address>
         <run_address>0x2fdd</run_address>
         <size>0xe2</size>
         <input_file_ref idref="fl-9"/>
      </object_component>
      <object_component id="oc-2e7">
         <name>.debug_info</name>
         <load_address>0x30bf</load_address>
         <run_address>0x30bf</run_address>
         <size>0xe4</size>
         <input_file_ref idref="fl-9"/>
      </object_component>
      <object_component id="oc-2e1">
         <name>.debug_info</name>
         <load_address>0x31a3</load_address>
         <run_address>0x31a3</run_address>
         <size>0xe2</size>
         <input_file_ref idref="fl-9"/>
      </object_component>
      <object_component id="oc-2a8">
         <name>.debug_info</name>
         <load_address>0x3285</load_address>
         <run_address>0x3285</run_address>
         <size>0x15d</size>
         <input_file_ref idref="fl-a"/>
      </object_component>
      <object_component id="oc-356">
         <name>.debug_info</name>
         <load_address>0x33e2</load_address>
         <run_address>0x33e2</run_address>
         <size>0xdb</size>
         <input_file_ref idref="fl-a"/>
      </object_component>
      <object_component id="oc-35d">
         <name>.debug_info</name>
         <load_address>0x34bd</load_address>
         <run_address>0x34bd</run_address>
         <size>0x7d</size>
         <input_file_ref idref="fl-a"/>
      </object_component>
      <object_component id="oc-2cc">
         <name>.debug_info</name>
         <load_address>0x353a</load_address>
         <run_address>0x353a</run_address>
         <size>0x265</size>
         <input_file_ref idref="fl-b"/>
      </object_component>
      <object_component id="oc-3e9">
         <name>.debug_info</name>
         <load_address>0x379f</load_address>
         <run_address>0x379f</run_address>
         <size>0x154</size>
         <input_file_ref idref="fl-b"/>
      </object_component>
      <object_component id="oc-3ef">
         <name>.debug_info</name>
         <load_address>0x38f3</load_address>
         <run_address>0x38f3</run_address>
         <size>0x127</size>
         <input_file_ref idref="fl-b"/>
      </object_component>
      <object_component id="oc-2c6">
         <name>.debug_info</name>
         <load_address>0x3a1a</load_address>
         <run_address>0x3a1a</run_address>
         <size>0xfe</size>
         <input_file_ref idref="fl-b"/>
      </object_component>
      <object_component id="oc-4f8">
         <name>.debug_info</name>
         <load_address>0x3b18</load_address>
         <run_address>0x3b18</run_address>
         <size>0xff</size>
         <input_file_ref idref="fl-b"/>
      </object_component>
      <object_component id="oc-4f2">
         <name>.debug_info</name>
         <load_address>0x3c17</load_address>
         <run_address>0x3c17</run_address>
         <size>0xff</size>
         <input_file_ref idref="fl-b"/>
      </object_component>
      <object_component id="oc-4ec">
         <name>.debug_info</name>
         <load_address>0x3d16</load_address>
         <run_address>0x3d16</run_address>
         <size>0xf5</size>
         <input_file_ref idref="fl-b"/>
      </object_component>
      <object_component id="oc-481">
         <name>.debug_info</name>
         <load_address>0x3e0b</load_address>
         <run_address>0x3e0b</run_address>
         <size>0x137</size>
         <input_file_ref idref="fl-b"/>
      </object_component>
      <object_component id="oc-3f5">
         <name>.debug_info</name>
         <load_address>0x3f42</load_address>
         <run_address>0x3f42</run_address>
         <size>0xfd</size>
         <input_file_ref idref="fl-b"/>
      </object_component>
      <object_component id="oc-401">
         <name>.debug_info</name>
         <load_address>0x403f</load_address>
         <run_address>0x403f</run_address>
         <size>0xff</size>
         <input_file_ref idref="fl-b"/>
      </object_component>
      <object_component id="oc-334">
         <name>.debug_info</name>
         <load_address>0x413e</load_address>
         <run_address>0x413e</run_address>
         <size>0xf3</size>
         <input_file_ref idref="fl-c"/>
      </object_component>
      <object_component id="oc-259">
         <name>.debug_info</name>
         <load_address>0x4231</load_address>
         <run_address>0x4231</run_address>
         <size>0x183</size>
         <input_file_ref idref="fl-c"/>
      </object_component>
      <object_component id="oc-2cf">
         <name>.debug_info</name>
         <load_address>0x43b4</load_address>
         <run_address>0x43b4</run_address>
         <size>0x2c3</size>
         <input_file_ref idref="fl-d"/>
      </object_component>
      <object_component id="oc-3d7">
         <name>.debug_info</name>
         <load_address>0x4677</load_address>
         <run_address>0x4677</run_address>
         <size>0xff</size>
         <input_file_ref idref="fl-d"/>
      </object_component>
      <object_component id="oc-3fb">
         <name>.debug_info</name>
         <load_address>0x4776</load_address>
         <run_address>0x4776</run_address>
         <size>0x114</size>
         <input_file_ref idref="fl-d"/>
      </object_component>
      <object_component id="oc-340">
         <name>.debug_info</name>
         <load_address>0x488a</load_address>
         <run_address>0x488a</run_address>
         <size>0x1f3</size>
         <input_file_ref idref="fl-d"/>
      </object_component>
      <object_component id="oc-41a">
         <name>.debug_info</name>
         <load_address>0x4a7d</load_address>
         <run_address>0x4a7d</run_address>
         <size>0xbc</size>
         <input_file_ref idref="fl-e"/>
      </object_component>
      <object_component id="oc-34c">
         <name>.debug_info</name>
         <load_address>0x4b39</load_address>
         <run_address>0x4b39</run_address>
         <size>0xf9</size>
         <input_file_ref idref="fl-e"/>
      </object_component>
      <object_component id="oc-346">
         <name>.debug_info</name>
         <load_address>0x4c32</load_address>
         <run_address>0x4c32</run_address>
         <size>0x17b</size>
         <input_file_ref idref="fl-e"/>
      </object_component>
      <object_component id="oc-276">
         <name>.debug_info</name>
         <load_address>0x4dad</load_address>
         <run_address>0x4dad</run_address>
         <size>0xe3</size>
         <input_file_ref idref="fl-e"/>
      </object_component>
      <object_component id="oc-3e3">
         <name>.debug_info</name>
         <load_address>0x4e90</load_address>
         <run_address>0x4e90</run_address>
         <size>0x102</size>
         <input_file_ref idref="fl-f"/>
      </object_component>
      <object_component id="oc-407">
         <name>.debug_info</name>
         <load_address>0x4f92</load_address>
         <run_address>0x4f92</run_address>
         <size>0x123</size>
         <input_file_ref idref="fl-f"/>
      </object_component>
      <object_component id="oc-51b">
         <name>.debug_info</name>
         <load_address>0x50b5</load_address>
         <run_address>0x50b5</run_address>
         <size>0x126</size>
         <input_file_ref idref="fl-f"/>
      </object_component>
      <object_component id="oc-27c">
         <name>.debug_info</name>
         <load_address>0x51db</load_address>
         <run_address>0x51db</run_address>
         <size>0x107</size>
         <input_file_ref idref="fl-f"/>
      </object_component>
      <object_component id="oc-270">
         <name>.debug_info</name>
         <load_address>0x52e2</load_address>
         <run_address>0x52e2</run_address>
         <size>0xee</size>
         <input_file_ref idref="fl-10"/>
      </object_component>
      <object_component id="oc-23e">
         <name>.debug_info</name>
         <load_address>0x53d0</load_address>
         <run_address>0x53d0</run_address>
         <size>0xf5</size>
         <input_file_ref idref="fl-2b"/>
      </object_component>
      <object_component id="oc-9c">
         <name>.debug_info</name>
         <load_address>0x54c5</load_address>
         <run_address>0x54c5</run_address>
         <size>0x196</size>
         <input_file_ref idref="fl-2c"/>
      </object_component>
      <object_component id="oc-67">
         <name>.debug_info</name>
         <load_address>0x565b</load_address>
         <run_address>0x565b</run_address>
         <size>0x2ad</size>
         <input_file_ref idref="fl-2d"/>
      </object_component>
      <object_component id="oc-2bd">
         <name>.debug_info</name>
         <load_address>0x5908</load_address>
         <run_address>0x5908</run_address>
         <size>0x46</size>
         <input_file_ref idref="fl-2d"/>
      </object_component>
      <object_component id="oc-242">
         <name>.debug_info</name>
         <load_address>0x594e</load_address>
         <run_address>0x594e</run_address>
         <size>0x60</size>
         <input_file_ref idref="fl-2d"/>
      </object_component>
      <object_component id="oc-257">
         <name>.debug_info</name>
         <load_address>0x59ae</load_address>
         <run_address>0x59ae</run_address>
         <size>0x1cf</size>
         <input_file_ref idref="fl-2e"/>
      </object_component>
      <object_component id="oc-6d">
         <name>.debug_info</name>
         <load_address>0x5b7d</load_address>
         <run_address>0x5b7d</run_address>
         <size>0x1e7</size>
         <input_file_ref idref="fl-2e"/>
      </object_component>
      <object_component id="oc-252">
         <name>.debug_info</name>
         <load_address>0x5d64</load_address>
         <run_address>0x5d64</run_address>
         <size>0x46</size>
         <input_file_ref idref="fl-2e"/>
      </object_component>
      <object_component id="oc-7f">
         <name>.debug_info</name>
         <load_address>0x5daa</load_address>
         <run_address>0x5daa</run_address>
         <size>0x1b6</size>
         <input_file_ref idref="fl-2f"/>
      </object_component>
      <object_component id="oc-282">
         <name>.debug_info</name>
         <load_address>0x5f60</load_address>
         <run_address>0x5f60</run_address>
         <size>0x46</size>
         <input_file_ref idref="fl-2f"/>
      </object_component>
      <object_component id="oc-24f">
         <name>.debug_info</name>
         <load_address>0x5fa6</load_address>
         <run_address>0x5fa6</run_address>
         <size>0x119</size>
         <input_file_ref idref="fl-30"/>
      </object_component>
      <object_component id="oc-54e">
         <name>.debug_info</name>
         <load_address>0x60bf</load_address>
         <run_address>0x60bf</run_address>
         <size>0x1bf</size>
         <input_file_ref idref="fl-31"/>
      </object_component>
      <object_component id="oc-50b">
         <name>.debug_info</name>
         <load_address>0x627e</load_address>
         <run_address>0x627e</run_address>
         <size>0x1a0</size>
         <input_file_ref idref="fl-31"/>
      </object_component>
      <object_component id="oc-454">
         <name>.debug_info</name>
         <load_address>0x641e</load_address>
         <run_address>0x641e</run_address>
         <size>0xdb</size>
         <input_file_ref idref="fl-31"/>
      </object_component>
      <object_component id="oc-3be">
         <name>.debug_info</name>
         <load_address>0x64f9</load_address>
         <run_address>0x64f9</run_address>
         <size>0x17d</size>
         <input_file_ref idref="fl-32"/>
      </object_component>
      <object_component id="oc-36a">
         <name>.debug_info</name>
         <load_address>0x6676</load_address>
         <run_address>0x6676</run_address>
         <size>0x119</size>
         <input_file_ref idref="fl-33"/>
      </object_component>
      <object_component id="oc-47a">
         <name>.debug_info</name>
         <load_address>0x678f</load_address>
         <run_address>0x678f</run_address>
         <size>0x130</size>
         <input_file_ref idref="fl-34"/>
      </object_component>
      <object_component id="oc-4e8">
         <name>.debug_info</name>
         <load_address>0x68bf</load_address>
         <run_address>0x68bf</run_address>
         <size>0x11b</size>
         <input_file_ref idref="fl-35"/>
      </object_component>
      <object_component id="oc-465">
         <name>.debug_info</name>
         <load_address>0x69da</load_address>
         <run_address>0x69da</run_address>
         <size>0x1fc</size>
         <input_file_ref idref="fl-36"/>
      </object_component>
      <object_component id="oc-3c4">
         <name>.debug_info</name>
         <load_address>0x6bd6</load_address>
         <run_address>0x6bd6</run_address>
         <size>0x247</size>
         <input_file_ref idref="fl-36"/>
      </object_component>
      <object_component id="oc-460">
         <name>.debug_info</name>
         <load_address>0x6e1d</load_address>
         <run_address>0x6e1d</run_address>
         <size>0x94</size>
         <input_file_ref idref="fl-36"/>
      </object_component>
      <object_component id="oc-2b2">
         <name>.debug_info</name>
         <load_address>0x6eb1</load_address>
         <run_address>0x6eb1</run_address>
         <size>0x117</size>
         <input_file_ref idref="fl-37"/>
      </object_component>
      <object_component id="oc-3d3">
         <name>.debug_info</name>
         <load_address>0x6fc8</load_address>
         <run_address>0x6fc8</run_address>
         <size>0x16b</size>
         <input_file_ref idref="fl-39"/>
      </object_component>
      <object_component id="oc-46f">
         <name>.debug_info</name>
         <load_address>0x7133</load_address>
         <run_address>0x7133</run_address>
         <size>0x1a5</size>
         <input_file_ref idref="fl-3a"/>
      </object_component>
      <object_component id="oc-508">
         <name>.debug_info</name>
         <load_address>0x72d8</load_address>
         <run_address>0x72d8</run_address>
         <size>0x15b</size>
         <input_file_ref idref="fl-3b"/>
      </object_component>
      <object_component id="oc-56d">
         <name>.debug_info</name>
         <load_address>0x7433</load_address>
         <run_address>0x7433</run_address>
         <size>0x1c5</size>
         <input_file_ref idref="fl-3c"/>
      </object_component>
      <object_component id="oc-547">
         <name>.debug_info</name>
         <load_address>0x75f8</load_address>
         <run_address>0x75f8</run_address>
         <size>0x1b6</size>
         <input_file_ref idref="fl-3c"/>
      </object_component>
      <object_component id="oc-4d8">
         <name>.debug_info</name>
         <load_address>0x77ae</load_address>
         <run_address>0x77ae</run_address>
         <size>0x1cc</size>
         <input_file_ref idref="fl-3d"/>
      </object_component>
      <object_component id="oc-45a">
         <name>.debug_info</name>
         <load_address>0x797a</load_address>
         <run_address>0x797a</run_address>
         <size>0x5b2</size>
         <input_file_ref idref="fl-3d"/>
      </object_component>
      <object_component id="oc-3bb">
         <name>.debug_info</name>
         <load_address>0x7f2c</load_address>
         <run_address>0x7f2c</run_address>
         <size>0x119</size>
         <input_file_ref idref="fl-3e"/>
      </object_component>
      <object_component id="oc-498">
         <name>.debug_info</name>
         <load_address>0x8045</load_address>
         <run_address>0x8045</run_address>
         <size>0x119</size>
         <input_file_ref idref="fl-3f"/>
      </object_component>
      <object_component id="oc-49b">
         <name>.debug_info</name>
         <load_address>0x815e</load_address>
         <run_address>0x815e</run_address>
         <size>0x127</size>
         <input_file_ref idref="fl-40"/>
      </object_component>
      <object_component id="oc-493">
         <name>.debug_info</name>
         <load_address>0x8285</load_address>
         <run_address>0x8285</run_address>
         <size>0x11c</size>
         <input_file_ref idref="fl-41"/>
      </object_component>
      <object_component id="oc-261">
         <name>.debug_info</name>
         <load_address>0x83a1</load_address>
         <run_address>0x83a1</run_address>
         <size>0x107</size>
         <input_file_ref idref="fl-49"/>
      </object_component>
      <object_component id="oc-4ce">
         <name>.debug_info</name>
         <load_address>0x84a8</load_address>
         <run_address>0x84a8</run_address>
         <size>0x11e</size>
         <input_file_ref idref="fl-4a"/>
      </object_component>
      <object_component id="oc-4e2">
         <name>.debug_info</name>
         <load_address>0x85c6</load_address>
         <run_address>0x85c6</run_address>
         <size>0x118</size>
         <input_file_ref idref="fl-4b"/>
      </object_component>
      <object_component id="oc-4c9">
         <name>.debug_info</name>
         <load_address>0x86de</load_address>
         <run_address>0x86de</run_address>
         <size>0x11e</size>
         <input_file_ref idref="fl-4b"/>
      </object_component>
      <object_component id="oc-46d">
         <name>.debug_info</name>
         <load_address>0x87fc</load_address>
         <run_address>0x87fc</run_address>
         <size>0x1fc</size>
         <input_file_ref idref="fl-4e"/>
      </object_component>
      <object_component id="oc-3ca">
         <name>.debug_info</name>
         <load_address>0x89f8</load_address>
         <run_address>0x89f8</run_address>
         <size>0x258</size>
         <input_file_ref idref="fl-4e"/>
      </object_component>
      <object_component id="oc-380">
         <name>.debug_info</name>
         <load_address>0x8c50</load_address>
         <run_address>0x8c50</run_address>
         <size>0x119</size>
         <input_file_ref idref="fl-4f"/>
      </object_component>
      <object_component id="oc-4d5">
         <name>.debug_info</name>
         <load_address>0x8d69</load_address>
         <run_address>0x8d69</run_address>
         <size>0x119</size>
         <input_file_ref idref="fl-50"/>
      </object_component>
      <object_component id="oc-28b">
         <name>.debug_info</name>
         <load_address>0x8e82</load_address>
         <run_address>0x8e82</run_address>
         <size>0x148</size>
         <input_file_ref idref="fl-51"/>
      </object_component>
      <object_component id="oc-44f">
         <name>.debug_info</name>
         <load_address>0x8fca</load_address>
         <run_address>0x8fca</run_address>
         <size>0x11e</size>
         <input_file_ref idref="fl-54"/>
      </object_component>
      <object_component id="oc-312">
         <name>.debug_info</name>
         <load_address>0x90e8</load_address>
         <run_address>0x90e8</run_address>
         <size>0x402</size>
         <input_file_ref idref="fl-55"/>
      </object_component>
      <object_component id="oc-291">
         <name>.debug_info</name>
         <load_address>0x94ea</load_address>
         <run_address>0x94ea</run_address>
         <size>0x222</size>
         <input_file_ref idref="fl-55"/>
      </object_component>
      <object_component id="oc-38d">
         <name>.debug_info</name>
         <load_address>0x970c</load_address>
         <run_address>0x970c</run_address>
         <size>0x39</size>
         <input_file_ref idref="fl-55"/>
      </object_component>
      <object_component id="oc-30d">
         <name>.debug_info</name>
         <load_address>0x9745</load_address>
         <run_address>0x9745</run_address>
         <size>0x2c</size>
         <input_file_ref idref="fl-55"/>
      </object_component>
      <object_component id="oc-392">
         <name>.debug_info</name>
         <load_address>0x9771</load_address>
         <run_address>0x9771</run_address>
         <size>0xcd</size>
         <input_file_ref idref="fl-55"/>
      </object_component>
      <object_component id="oc-389">
         <name>.debug_info</name>
         <load_address>0x983e</load_address>
         <run_address>0x983e</run_address>
         <size>0x2ac</size>
         <input_file_ref idref="fl-56"/>
      </object_component>
      <object_component id="oc-301">
         <name>.debug_info</name>
         <load_address>0x9aea</load_address>
         <run_address>0x9aea</run_address>
         <size>0x20c</size>
         <input_file_ref idref="fl-56"/>
      </object_component>
      <object_component id="oc-43c">
         <name>.debug_info</name>
         <load_address>0x9cf6</load_address>
         <run_address>0x9cf6</run_address>
         <size>0x2c</size>
         <input_file_ref idref="fl-56"/>
      </object_component>
      <object_component id="oc-435">
         <name>.debug_info</name>
         <load_address>0x9d22</load_address>
         <run_address>0x9d22</run_address>
         <size>0x2c</size>
         <input_file_ref idref="fl-56"/>
      </object_component>
      <object_component id="oc-4dc">
         <name>.debug_info</name>
         <load_address>0x9d4e</load_address>
         <run_address>0x9d4e</run_address>
         <size>0x1cc</size>
         <input_file_ref idref="fl-57"/>
      </object_component>
      <object_component id="oc-467">
         <name>.debug_info</name>
         <load_address>0x9f1a</load_address>
         <run_address>0x9f1a</run_address>
         <size>0x363</size>
         <input_file_ref idref="fl-57"/>
      </object_component>
      <object_component id="oc-434">
         <name>.debug_info</name>
         <load_address>0xa27d</load_address>
         <run_address>0xa27d</run_address>
         <size>0x16d</size>
         <input_file_ref idref="fl-58"/>
      </object_component>
      <object_component id="oc-385">
         <name>.debug_info</name>
         <load_address>0xa3ea</load_address>
         <run_address>0xa3ea</run_address>
         <size>0x191</size>
         <input_file_ref idref="fl-58"/>
      </object_component>
      <object_component id="oc-309">
         <name>.debug_info</name>
         <load_address>0xa57b</load_address>
         <run_address>0xa57b</run_address>
         <size>0x145</size>
         <input_file_ref idref="fl-59"/>
      </object_component>
      <object_component id="oc-5d9">
         <name>.debug_info</name>
         <load_address>0xa6c0</load_address>
         <run_address>0xa6c0</run_address>
         <size>0x8f</size>
      </object_component>
      <object_component id="oc-37a">
         <name>.debug_line</name>
         <load_address>0x0</load_address>
         <run_address>0x0</run_address>
         <size>0xb0</size>
         <input_file_ref idref="fl-2"/>
      </object_component>
      <object_component id="oc-4a8">
         <name>.debug_line</name>
         <load_address>0xb0</load_address>
         <run_address>0xb0</run_address>
         <size>0x51</size>
         <input_file_ref idref="fl-2"/>
      </object_component>
      <object_component id="oc-367">
         <name>.debug_line</name>
         <load_address>0x101</load_address>
         <run_address>0x101</run_address>
         <size>0x65</size>
         <input_file_ref idref="fl-2"/>
      </object_component>
      <object_component id="oc-267">
         <name>.debug_line</name>
         <load_address>0x166</load_address>
         <run_address>0x166</run_address>
         <size>0x6c</size>
         <input_file_ref idref="fl-2"/>
      </object_component>
      <object_component id="oc-24a">
         <name>.debug_line</name>
         <load_address>0x1d2</load_address>
         <run_address>0x1d2</run_address>
         <size>0x20</size>
         <input_file_ref idref="fl-2"/>
      </object_component>
      <object_component id="oc-370">
         <name>.debug_line</name>
         <load_address>0x1f2</load_address>
         <run_address>0x1f2</run_address>
         <size>0x72</size>
         <input_file_ref idref="fl-3"/>
      </object_component>
      <object_component id="oc-3e0">
         <name>.debug_line</name>
         <load_address>0x264</load_address>
         <run_address>0x264</run_address>
         <size>0x41</size>
         <input_file_ref idref="fl-3"/>
      </object_component>
      <object_component id="oc-416">
         <name>.debug_line</name>
         <load_address>0x2a5</load_address>
         <run_address>0x2a5</run_address>
         <size>0x41</size>
         <input_file_ref idref="fl-3"/>
      </object_component>
      <object_component id="oc-410">
         <name>.debug_line</name>
         <load_address>0x2e6</load_address>
         <run_address>0x2e6</run_address>
         <size>0x49</size>
         <input_file_ref idref="fl-3"/>
      </object_component>
      <object_component id="oc-2d5">
         <name>.debug_line</name>
         <load_address>0x32f</load_address>
         <run_address>0x32f</run_address>
         <size>0x5b</size>
         <input_file_ref idref="fl-3"/>
      </object_component>
      <object_component id="oc-374">
         <name>.debug_line</name>
         <load_address>0x38a</load_address>
[...]
         <object_component_ref idref="oc-487"/>
      </symbol>
      <symbol id="sm-327">
         <name>blue_on</name>
         <value>0xe29a</value>
         <object_component_ref idref="oc-2e0"/>
      </symbol>
      <symbol id="sm-328">
         <name>red_off</name>
         <value>0xe2de</value>
         <object_component_ref idref="oc-4aa"/>
      </symbol>
      <symbol id="sm-329">
         <name>green_on</name>
         <value>0xe2a2</value>
         <object_component_ref idref="oc-2e6"/>
      </symbol>
      <symbol id="sm-32a">
         <name>led_off</name>
         <value>0xe2aa</value>
         <object_component_ref idref="oc-2da"/>
      </symbol>
      <symbol id="sm-33d">
         <name>main</name>
         <value>0xdfbc</value>
         <object_component_ref idref="oc-2a7"/>
      </symbol>
      <symbol id="sm-387">
         <name>motor</name>
         <value>0x2076</value>
      </symbol>
      <symbol id="sm-388">
         <name>pwm</name>
         <value>0x2092</value>
      </symbol>
      <symbol id="sm-389">
         <name>pwm_init</name>
         <value>0xe01c</value>
         <object_component_ref idref="oc-3ee"/>
      </symbol>
      <symbol id="sm-38a">
         <name>motor_stop_operate</name>
         <value>0xe0d8</value>
         <object_component_ref idref="oc-2c5"/>
      </symbol>
      <symbol id="sm-38b">
         <name>motor_init</name>
         <value>0xe166</value>
         <object_component_ref idref="oc-3e8"/>
      </symbol>
      <symbol id="sm-38c">
         <name>vent_close</name>
         <value>0xe27e</value>
         <object_component_ref idref="oc-400"/>
      </symbol>
      <symbol id="sm-38d">
         <name>motor_open</name>
         <value>0xe130</value>
         <object_component_ref idref="oc-480"/>
      </symbol>
      <symbol id="sm-38e">
         <name>vent_open</name>
         <value>0xe288</value>
         <object_component_ref idref="oc-3f4"/>
      </symbol>
      <symbol id="sm-3ac">
         <name>__TI_int46</name>
         <value>0xffe4</value>
         <object_component_ref idref="oc-6f"/>
      </symbol>
      <symbol id="sm-3ad">
         <name>Port_2</name>
         <value>0xd1e4</value>
         <object_component_ref idref="oc-258"/>
      </symbol>
      <symbol id="sm-3ae">
         <name>p2_int_init</name>
         <value>0xe254</value>
         <object_component_ref idref="oc-333"/>
      </symbol>
      <symbol id="sm-3d1">
         <name>vent</name>
         <value>0x2088</value>
      </symbol>
      <symbol id="sm-3d2">
         <name>vent_self_test</name>
         <value>0xd8ae</value>
         <object_component_ref idref="oc-33f"/>
      </symbol>
      <symbol id="sm-3d3">
         <name>limit_error</name>
         <value>0xe274</value>
         <object_component_ref idref="oc-3fa"/>
      </symbol>
      <symbol id="sm-3d4">
         <name>vent_info_init</name>
         <value>0xe1ec</value>
         <object_component_ref idref="oc-3d6"/>
      </symbol>
      <symbol id="sm-3f3">
         <name>__TI_int52</name>
         <value>0xfff0</value>
         <object_component_ref idref="oc-75"/>
      </symbol>
      <symbol id="sm-3f4">
         <name>rtc_wake_isr</name>
         <value>0xde6a</value>
         <object_component_ref idref="oc-345"/>
      </symbol>
      <symbol id="sm-3f5">
         <name>rtc_init</name>
         <value>0xe224</value>
         <object_component_ref idref="oc-34b"/>
      </symbol>
      <symbol id="sm-3f6">
         <name>RTC_ISR</name>
         <value>0xe260</value>
         <object_component_ref idref="oc-275"/>
      </symbol>
      <symbol id="sm-3f7">
         <name>wake_num</name>
         <value>0x20be</value>
         <object_component_ref idref="oc-419"/>
      </symbol>
      <symbol id="sm-41a">
         <name>TIMER1_A1_ISR</name>
         <value>0xe180</value>
         <object_component_ref idref="oc-27b"/>
      </symbol>
      <symbol id="sm-41b">
         <name>timer_start</name>
         <value>0xe246</value>
         <object_component_ref idref="oc-3e2"/>
      </symbol>
      <symbol id="sm-41c">
         <name>__TI_int53</name>
         <value>0xfff2</value>
         <object_component_ref idref="oc-76"/>
      </symbol>
      <symbol id="sm-41d">
         <name>timer_end</name>
         <value>0xe0f6</value>
         <object_component_ref idref="oc-406"/>
      </symbol>
      <symbol id="sm-41e">
         <name>delay_hw_ms</name>
         <value>0xe0b8</value>
         <object_component_ref idref="oc-51a"/>
      </symbol>
      <symbol id="sm-42a">
         <name>__TI_int50</name>
         <value>0xffec</value>
         <object_component_ref idref="oc-73"/>
      </symbol>
      <symbol id="sm-42b">
         <name>USCI_A0_ISR</name>
         <value>0xe196</value>
         <object_component_ref idref="oc-26f"/>
      </symbol>
      <symbol id="sm-433">
         <name>_stack</name>
         <value>0x2760</value>
         <object_component_ref idref="oc-23d"/>
      </symbol>
      <symbol id="sm-434">
         <name>_reset_vector</name>
         <value>0xfffe</value>
         <object_component_ref idref="oc-240"/>
      </symbol>
      <symbol id="sm-43e">
         <name>_c_int00_noargs_noexit</name>
         <value>0xe14c</value>
         <object_component_ref idref="oc-9a"/>
      </symbol>
      <symbol id="sm-45a">
         <name>__TI_decompress_lzss</name>
         <value>0xd0f6</value>
         <object_component_ref idref="oc-63"/>
      </symbol>
      <symbol id="sm-46b">
         <name>__TI_decompress_none</name>
         <value>0xde2e</value>
         <object_component_ref idref="oc-69"/>
      </symbol>
      <symbol id="sm-47b">
         <name>__TI_zero_init</name>
         <value>0xdcf8</value>
         <object_component_ref idref="oc-7c"/>
      </symbol>
      <symbol id="sm-486">
         <name>__memcpy_far</name>
         <value>0xdc78</value>
         <object_component_ref idref="oc-24c"/>
      </symbol>
      <symbol id="sm-49e">
         <name>__mspabi_cvtdf</name>
         <value>0xd7a2</value>
         <object_component_ref idref="oc-50a"/>
      </symbol>
      <symbol id="sm-4ac">
         <name>__mspabi_cvtfd</name>
         <value>0xd9a2</value>
         <object_component_ref idref="oc-3bd"/>
      </symbol>
      <symbol id="sm-4b6">
         <name>__mspabi_remu</name>
         <value>0xe1c2</value>
         <object_component_ref idref="oc-369"/>
      </symbol>
      <symbol id="sm-4b7">
         <name>__mspabi_divu</name>
         <value>0xe1c2</value>
         <object_component_ref idref="oc-369"/>
      </symbol>
      <symbol id="sm-4c3">
         <name>__mspabi_remli</name>
         <value>0xdcb8</value>
         <object_component_ref idref="oc-479"/>
      </symbol>
      <symbol id="sm-4c4">
         <name>__mspabi_divli</name>
         <value>0xdcb8</value>
         <object_component_ref idref="oc-479"/>
      </symbol>
      <symbol id="sm-4d2">
         <name>__mspabi_remul</name>
         <value>0xdb40</value>
         <object_component_ref idref="oc-4e5"/>
      </symbol>
      <symbol id="sm-4d3">
         <name>__mspabi_divul</name>
         <value>0xdb40</value>
         <object_component_ref idref="oc-4e5"/>
      </symbol>
      <symbol id="sm-4f9">
         <name>__mspabi_divd</name>
         <value>0xcdb2</value>
         <object_component_ref idref="oc-3c3"/>
      </symbol>
      <symbol id="sm-503">
         <name>C$$EXIT</name>
         <value>0xe2c0</value>
         <object_component_ref idref="oc-2af"/>
      </symbol>
      <symbol id="sm-504">
         <name>abort</name>
         <value>0xe2c0</value>
         <object_component_ref idref="oc-2af"/>
      </symbol>
      <symbol id="sm-510">
         <name>__mspabi_fixdu</name>
         <value>0xe200</value>
         <object_component_ref idref="oc-3cf"/>
      </symbol>
      <symbol id="sm-520">
         <name>__mspabi_fixdul</name>
         <value>0xda10</value>
         <object_component_ref idref="oc-46e"/>
      </symbol>
      <symbol id="sm-529">
         <name>__mspabi_fltud</name>
         <value>0xe2ba</value>
         <object_component_ref idref="oc-504"/>
      </symbol>
      <symbol id="sm-53e">
         <name>__mspabi_fltuld</name>
         <value>0xd82e</value>
         <object_component_ref idref="oc-546"/>
      </symbol>
      <symbol id="sm-559">
         <name>__TI_frcdivd</name>
         <value>0xc434</value>
         <object_component_ref idref="oc-459"/>
      </symbol>
      <symbol id="sm-56b">
         <name>__mspabi_divf</name>
         <value>0xd712</value>
         <object_component_ref idref="oc-3b8"/>
      </symbol>
      <symbol id="sm-582">
         <name>__mspabi_mpyf</name>
         <value>0xd2b8</value>
         <object_component_ref idref="oc-495"/>
      </symbol>
      <symbol id="sm-591">
         <name>__mspabi_fixfu</name>
         <value>0xdc32</value>
         <object_component_ref idref="oc-49a"/>
      </symbol>
      <symbol id="sm-59c">
         <name>__mspabi_fltuf</name>
         <value>0xe094</value>
         <object_component_ref idref="oc-490"/>
      </symbol>
      <symbol id="sm-59f">
         <name>__TI_int47</name>
         <value>0xffe6</value>
         <object_component_ref idref="oc-70"/>
      </symbol>
      <symbol id="sm-5a2">
         <name>__TI_int51</name>
         <value>0xffee</value>
         <object_component_ref idref="oc-74"/>
      </symbol>
      <symbol id="sm-5a5">
         <name>__TI_int54</name>
         <value>0xfff4</value>
         <object_component_ref idref="oc-77"/>
      </symbol>
      <symbol id="sm-5a8">
         <name>__TI_int55</name>
         <value>0xfff6</value>
         <object_component_ref idref="oc-78"/>
      </symbol>
      <symbol id="sm-5ab">
         <name>__TI_int56</name>
         <value>0xfff8</value>
         <object_component_ref idref="oc-79"/>
      </symbol>
      <symbol id="sm-5ae">
         <name>__TI_int57</name>
         <value>0xfffa</value>
         <object_component_ref idref="oc-7a"/>
      </symbol>
      <symbol id="sm-5b1">
         <name>__TI_int58</name>
         <value>0xfffc</value>
         <object_component_ref idref="oc-7b"/>
      </symbol>
      <symbol id="sm-5b9">
         <name>__TI_ISR_TRAP</name>
         <value>0xe292</value>
         <object_component_ref idref="oc-25e"/>
      </symbol>
      <symbol id="sm-5c1">
         <name>__mspabi_slll_9</name>
         <value>0xdd8c</value>
         <object_component_ref idref="oc-4cd"/>
      </symbol>
      <symbol id="sm-5c2">
         <name>__mspabi_slll_8</name>
         <value>0xdd90</value>
         <object_component_ref idref="oc-4cd"/>
      </symbol>
      <symbol id="sm-5c3">
         <name>__mspabi_slll_7</name>
         <value>0xdd94</value>
         <object_component_ref idref="oc-4cd"/>
      </symbol>
      <symbol id="sm-5c4">
         <name>__mspabi_slll_6</name>
         <value>0xdd98</value>
         <object_component_ref idref="oc-4cd"/>
      </symbol>
      <symbol id="sm-5c5">
         <name>__mspabi_slll_5</name>
         <value>0xdd9c</value>
         <object_component_ref idref="oc-4cd"/>
      </symbol>
      <symbol id="sm-5c6">
         <name>__mspabi_slll_4</name>
         <value>0xdda0</value>
         <object_component_ref idref="oc-4cd"/>
      </symbol>
      <symbol id="sm-5c7">
         <name>__mspabi_slll_3</name>
         <value>0xdda4</value>
         <object_component_ref idref="oc-4cd"/>
      </symbol>
      <symbol id="sm-5c8">
         <name>__mspabi_slll_2</name>
         <value>0xdda8</value>
         <object_component_ref idref="oc-4cd"/>
      </symbol>
      <symbol id="sm-5c9">
         <name>__mspabi_slll_1</name>
         <value>0xddac</value>
         <object_component_ref idref="oc-4cd"/>
      </symbol>
      <symbol id="sm-5ca">
         <name>__mspabi_slll_15</name>
         <value>0xdd74</value>
         <object_component_ref idref="oc-4cd"/>
      </symbol>
      <symbol id="sm-5cb">
         <name>__mspabi_slll_14</name>
         <value>0xdd78</value>
         <object_component_ref idref="oc-4cd"/>
      </symbol>
      <symbol id="sm-5cc">
         <name>__mspabi_slll_13</name>
         <value>0xdd7c</value>
         <object_component_ref idref="oc-4cd"/>
      </symbol>
      <symbol id="sm-5cd">
         <name>__mspabi_slll_12</name>
         <value>0xdd80</value>
         <object_component_ref idref="oc-4cd"/>
      </symbol>
      <symbol id="sm-5ce">
         <name>__mspabi_slll_11</name>
         <value>0xdd84</value>
         <object_component_ref idref="oc-4cd"/>
      </symbol>
      <symbol id="sm-5cf">
         <name>__mspabi_slll_10</name>
         <value>0xdd88</value>
         <object_component_ref idref="oc-4cd"/>
      </symbol>
      <symbol id="sm-5df">
         <name>__mspabi_srll_8</name>
         <value>0xddce</value>
         <object_component_ref idref="oc-4c8"/>
      </symbol>
      <symbol id="sm-5e0">
         <name>__mspabi_srll_9</name>
         <value>0xddca</value>
         <object_component_ref idref="oc-4c8"/>
      </symbol>
      <symbol id="sm-5e1">
         <name>__mspabi_srll_6</name>
         <value>0xddd6</value>
         <object_component_ref idref="oc-4c8"/>
      </symbol>
      <symbol id="sm-5e2">
         <name>__mspabi_srll_7</name>
         <value>0xddd2</value>
         <object_component_ref idref="oc-4c8"/>
      </symbol>
      <symbol id="sm-5e3">
         <name>__mspabi_srll_4</name>
         <value>0xddde</value>
         <object_component_ref idref="oc-4c8"/>
      </symbol>
      <symbol id="sm-5e4">
         <name>__mspabi_srll_5</name>
         <value>0xddda</value>
         <object_component_ref idref="oc-4c8"/>
      </symbol>
      <symbol id="sm-5e5">
         <name>__mspabi_srll_2</name>
         <value>0xdde6</value>
         <object_component_ref idref="oc-4c8"/>
      </symbol>
      <symbol id="sm-5e6">
         <name>__mspabi_srll_3</name>
         <value>0xdde2</value>
         <object_component_ref idref="oc-4c8"/>
      </symbol>
      <symbol id="sm-5e7">
         <name>__mspabi_srll_1</name>
         <value>0xddea</value>
         <object_component_ref idref="oc-4c8"/>
      </symbol>
      <symbol id="sm-5e8">
         <name>__mspabi_srll_15</name>
         <value>0xddb2</value>
         <object_component_ref idref="oc-4c8"/>
      </symbol>
      <symbol id="sm-5e9">
         <name>__mspabi_srll_14</name>
         <value>0xddb6</value>
         <object_component_ref idref="oc-4c8"/>
      </symbol>
      <symbol id="sm-5ea">
         <name>__mspabi_srll_13</name>
         <value>0xddba</value>
         <object_component_ref idref="oc-4c8"/>
      </symbol>
      <symbol id="sm-5eb">
         <name>__mspabi_srll_12</name>
         <value>0xddbe</value>
         <object_component_ref idref="oc-4c8"/>
      </symbol>
      <symbol id="sm-5ec">
         <name>__mspabi_srll_11</name>
         <value>0xddc2</value>
         <object_component_ref idref="oc-4c8"/>
      </symbol>
      <symbol id="sm-5ed">
         <name>__mspabi_srll_10</name>
         <value>0xddc6</value>
         <object_component_ref idref="oc-4c8"/>
      </symbol>
      <symbol id="sm-5ee">
         <name>__mspabi_srll</name>
         <value>0xe236</value>
         <object_component_ref idref="oc-4df"/>
      </symbol>
      <symbol id="sm-610">
         <name>__mspabi_mpyd</name>
         <value>0xcb32</value>
         <object_component_ref idref="oc-3c9"/>
      </symbol>
      <symbol id="sm-61a">
         <name>__mspabi_mpyi_sw</name>
         <value>0xe1d8</value>
         <object_component_ref idref="oc-37d"/>
      </symbol>
      <symbol id="sm-61b">
         <name>__mspabi_mpyi</name>
         <value>0xe1d8</value>
         <object_component_ref idref="oc-37d"/>
      </symbol>
      <symbol id="sm-625">
         <name>__mspabi_mpyl_sw</name>
         <value>0xe06e</value>
         <object_component_ref idref="oc-4d2"/>
      </symbol>
      <symbol id="sm-626">
         <name>__mspabi_mpyl</name>
         <value>0xe06e</value>
         <object_component_ref idref="oc-4d2"/>
      </symbol>
      <symbol id="sm-62f">
         <name>_system_pre_init</name>
         <value>0xe2ea</value>
         <object_component_ref idref="oc-287"/>
      </symbol>
      <symbol id="sm-639">
         <name>__mspabi_sral_15</name>
         <value>0xdd36</value>
         <object_component_ref idref="oc-44e"/>
      </symbol>
      <symbol id="sm-63a">
         <name>__mspabi_sral_14</name>
         <value>0xdd3a</value>
         <object_component_ref idref="oc-44e"/>
      </symbol>
      <symbol id="sm-63b">
         <name>__mspabi_sral_13</name>
         <value>0xdd3e</value>
         <object_component_ref idref="oc-44e"/>
      </symbol>
      <symbol id="sm-63c">
         <name>__mspabi_sral_12</name>
         <value>0xdd42</value>
         <object_component_ref idref="oc-44e"/>
      </symbol>
      <symbol id="sm-63d">
         <name>__mspabi_sral_11</name>
         <value>0xdd46</value>
         <object_component_ref idref="oc-44e"/>
      </symbol>
      <symbol id="sm-63e">
         <name>__mspabi_sral_10</name>
         <value>0xdd4a</value>
         <object_component_ref idref="oc-44e"/>
      </symbol>
      <symbol id="sm-63f">
         <name>__mspabi_sral_8</name>
         <value>0xdd52</value>
         <object_component_ref idref="oc-44e"/>
      </symbol>
      <symbol id="sm-640">
         <name>__mspabi_sral_9</name>
         <value>0xdd4e</value>
         <object_component_ref idref="oc-44e"/>
      </symbol>
      <symbol id="sm-641">
         <name>__mspabi_sral_6</name>
         <value>0xdd5a</value>
         <object_component_ref idref="oc-44e"/>
      </symbol>
      <symbol id="sm-642">
         <name>__mspabi_sral_7</name>
         <value>0xdd56</value>
         <object_component_ref idref="oc-44e"/>
      </symbol>
      <symbol id="sm-643">
         <name>__mspabi_sral_4</name>
         <value>0xdd62</value>
         <object_component_ref idref="oc-44e"/>
      </symbol>
      <symbol id="sm-644">
         <name>__mspabi_sral_5</name>
         <value>0xdd5e</value>
         <object_component_ref idref="oc-44e"/>
      </symbol>
      <symbol id="sm-645">
         <name>__mspabi_sral_2</name>
         <value>0xdd6a</value>
         <object_component_ref idref="oc-44e"/>
      </symbol>
      <symbol id="sm-646">
         <name>__mspabi_sral_3</name>
         <value>0xdd66</value>
         <object_component_ref idref="oc-44e"/>
      </symbol>
      <symbol id="sm-647">
         <name>__mspabi_sral_1</name>
         <value>0xdd6e</value>
         <object_component_ref idref="oc-44e"/>
      </symbol>
      <symbol id="sm-668">
         <name>_auto_init_hold_wdt</name>
         <value>0xd4bc</value>
         <object_component_ref idref="oc-28d"/>
      </symbol>
      <symbol id="sm-684">
         <name>copy_in</name>
         <value>0xd370</value>
         <object_component_ref idref="oc-300"/>
      </symbol>
      <symbol id="sm-695">
         <name>__TI_frcmpyd</name>
         <value>0xc8ac</value>
         <object_component_ref idref="oc-466"/>
      </symbol>
      <symbol id="sm-6a3">
         <name>memcpy</name>
         <value>0xe212</value>
         <object_component_ref idref="oc-382"/>
      </symbol>
      <symbol id="sm-6ac">
         <name>_system_post_cinit</name>
         <value>0xe2ee</value>
         <object_component_ref idref="oc-306"/>
      </symbol>
      <symbol id="sm-6b0">
         <name>__TI_BINIT_Base</name>
         <value>0x0</value>
      </symbol>
      <symbol id="sm-6b1">
         <name>__TI_BINIT_Limit</name>
         <value>0x0</value>
      </symbol>
      <symbol id="sm-6b2">
         <name>__TI_INITARRAY_Base</name>
         <value>0x0</value>
      </symbol>
      <symbol id="sm-6b3">
         <name>__TI_INITARRAY_Limit</name>
         <value>0x0</value>
      </symbol>
   </symbol_table>
   <title>Link successful</title>
</link_info>
