<?xml version="1.0"?>
<link_info>
   <banner>MSP430 Linker PC v16.9.1.LTS</banner>
   <copyright>Copyright (c) 2003-2015 Texas Instruments Incorporated</copyright>
   <link_time>0x5b06807a</link_time>
   <link_errors>0x0</link_errors>
   <output_file>Smart_Vent.out</output_file>
   <entry_point>
      <name>_c_int00_noargs_noexit</name>
      <address>0xda80</address>
   </entry_point>
   <input_file_list>
      <input_file id="fl-2">
         <path>.\</path>
         <kind>object</kind>
         <file>adc10.obj</file>
         <name>adc10.obj</name>
      </input_file>
      <input_file id="fl-3">
         <path>.\</path>
         <kind>object</kind>
         <file>angle.obj</file>
         <name>angle.obj</name>
      </input_file>
      <input_file id="fl-4">
         <path>.\</path>
         <kind>object</kind>
         <file>bat_detect.obj</file>
         <name>bat_detect.obj</name>
      </input_file>
      <input_file id="fl-5">
         <path>.\</path>
         <kind>object</kind>
         <file>cs.obj</file>
         <name>cs.obj</name>
      </input_file>
      <input_file id="fl-6">
         <path>.\</path>
         <kind>object</kind>
         <file>gpio.obj</file>
         <name>gpio.obj</name>
      </input_file>
      <input_file id="fl-7">
         <path>.\</path>
         <kind>object</kind>
         <file>hp203b.obj</file>
         <name>hp203b.obj</name>
      </input_file>
      <input_file id="fl-8">
         <path>.\</path>
         <kind>object</kind>
         <file>i2c_hw.obj</file>
         <name>i2c_hw.obj</name>
      </input_file>
      <input_file id="fl-9">
         <path>.\</path>
         <kind>object</kind>
         <file>led.obj</file>
         <name>led.obj</name>
      </input_file>
      <input_file id="fl-a">
         <path>.\</path>
         <kind>object</kind>
         <file>main.obj</file>
         <name>main.obj</name>
      </input_file>
      <input_file id="fl-b">
         <path>.\</path>
         <kind>object</kind>
         <file>motor.obj</file>
         <name>motor.obj</name>
      </input_file>
      <input_file id="fl-c">
         <path>.\</path>
         <kind>object</kind>
         <file>p2_int.obj</file>
         <name>p2_int.obj</name>
      </input_file>
      <input_file id="fl-d">
         <path>.\</path>
         <kind>object</kind>
         <file>power_on.obj</file>
         <name>power_on.obj</name>
      </input_file>
      <input_file id="fl-e">
         <path>.\</path>
         <kind>object</kind>
         <file>rtc.obj</file>
         <name>rtc.obj</name>
      </input_file>
      <input_file id="fl-f">
         <path>.\</path>
         <kind>object</kind>
         <file>timer_delay.obj</file>
         <name>timer_delay.obj</name>
      </input_file>
      <input_file id="fl-10">
         <path>.\</path>
         <kind>object</kind>
         <file>uart.obj</file>
         <name>uart.obj</name>
      </input_file>
      <input_file id="fl-2b">
         <path>D:\ti\ccsv7\tools\compiler\ti-cgt-msp430_16.9.1.LTS\lib\</path>
         <kind>archive</kind>
         <file>rts430x_lc_sd_eabi.lib</file>
         <name>boot.obj</name>
      </input_file>
      <input_file id="fl-2c">
         <path>D:\ti\ccsv7\tools\compiler\ti-cgt-msp430_16.9.1.LTS\lib\</path>
         <kind>archive</kind>
         <file>rts430x_lc_sd_eabi.lib</file>
         <name>boot_special.obj</name>
      </input_file>
      <input_file id="fl-2d">
         <path>D:\ti\ccsv7\tools\compiler\ti-cgt-msp430_16.9.1.LTS\lib\</path>
         <kind>archive</kind>
         <file>rts430x_lc_sd_eabi.lib</file>
         <name>copy_decompress_lzss.obj</name>
      </input_file>
      <input_file id="fl-2e">
         <path>D:\ti\ccsv7\tools\compiler\ti-cgt-msp430_16.9.1.LTS\lib\</path>
         <kind>archive</kind>
         <file>rts430x_lc_sd_eabi.lib</file>
         <name>copy_decompress_none.obj</name>
      </input_file>
      <input_file id="fl-2f">
         <path>D:\ti\ccsv7\tools\compiler\ti-cgt-msp430_16.9.1.LTS\lib\</path>
         <kind>archive</kind>
         <file>rts430x_lc_sd_eabi.lib</file>
         <name>copy_zero_init.obj</name>
      </input_file>
      <input_file id="fl-30">
         <path>D:\ti\ccsv7\tools\compiler\ti-cgt-msp430_16.9.1.LTS\lib\</path>
         <kind>archive</kind>
         <file>rts430x_lc_sd_eabi.lib</file>
         <name>cpy_util.obj</name>
      </input_file>
      <input_file id="fl-31">
         <path>D:\ti\ccsv7\tools\compiler\ti-cgt-msp430_16.9.1.LTS\lib\</path>
         <kind>archive</kind>
         <file>rts430x_lc_sd_eabi.lib</file>
         <name>cvtdf.obj</name>
      </input_file>
      <input_file id="fl-32">
         <path>D:\ti\ccsv7\tools\compiler\ti-cgt-msp430_16.9.1.LTS\lib\</path>
         <kind>archive</kind>
         <file>rts430x_lc_sd_eabi.lib</file>
         <name>div16u.obj</name>
      </input_file>
      <input_file id="fl-33">
         <path>D:\ti\ccsv7\tools\compiler\ti-cgt-msp430_16.9.1.LTS\lib\</path>
         <kind>archive</kind>
         <file>rts430x_lc_sd_eabi.lib</file>
         <name>div32s.obj</name>
      </input_file>
      <input_file id="fl-34">
         <path>D:\ti\ccsv7\tools\compiler\ti-cgt-msp430_16.9.1.LTS\lib\</path>
         <kind>archive</kind>
         <file>rts430x_lc_sd_eabi.lib</file>
         <name>div32u.obj</name>
      </input_file>
      <input_file id="fl-35">
         <path>D:\ti\ccsv7\tools\compiler\ti-cgt-msp430_16.9.1.LTS\lib\</path>
         <kind>archive</kind>
         <file>rts430x_lc_sd_eabi.lib</file>
         <name>exit.obj</name>
      </input_file>
      <input_file id="fl-36">
         <path>D:\ti\ccsv7\tools\compiler\ti-cgt-msp430_16.9.1.LTS\lib\</path>
         <kind>archive</kind>
         <file>rts430x_lc_sd_eabi.lib</file>
         <name>exit_gvars.obj</name>
      </input_file>
      <input_file id="fl-37">
         <path>D:\ti\ccsv7\tools\compiler\ti-cgt-msp430_16.9.1.LTS\lib\</path>
         <kind>archive</kind>
         <file>rts430x_lc_sd_eabi.lib</file>
         <name>fltud.obj</name>
      </input_file>
      <input_file id="fl-38">
         <path>D:\ti\ccsv7\tools\compiler\ti-cgt-msp430_16.9.1.LTS\lib\</path>
         <kind>archive</kind>
         <file>rts430x_lc_sd_eabi.lib</file>
         <name>fltuld.obj</name>
      </input_file>
      <input_file id="fl-39">
         <path>D:\ti\ccsv7\tools\compiler\ti-cgt-msp430_16.9.1.LTS\lib\</path>
         <kind>archive</kind>
         <file>rts430x_lc_sd_eabi.lib</file>
         <name>fs_div.obj</name>
      </input_file>
      <input_file id="fl-3a">
         <path>D:\ti\ccsv7\tools\compiler\ti-cgt-msp430_16.9.1.LTS\lib\</path>
         <kind>archive</kind>
         <file>rts430x_lc_sd_eabi.lib</file>
         <name>fs_mpy.obj</name>
      </input_file>
      <input_file id="fl-3b">
         <path>D:\ti\ccsv7\tools\compiler\ti-cgt-msp430_16.9.1.LTS\lib\</path>
         <kind>archive</kind>
         <file>rts430x_lc_sd_eabi.lib</file>
         <name>fs_tou.obj</name>
      </input_file>
      <input_file id="fl-3c">
         <path>D:\ti\ccsv7\tools\compiler\ti-cgt-msp430_16.9.1.LTS\lib\</path>
         <kind>archive</kind>
         <file>rts430x_lc_sd_eabi.lib</file>
         <name>fs_utof.obj</name>
      </input_file>
      <input_file id="fl-3d">
         <path>D:\ti\ccsv7\tools\compiler\ti-cgt-msp430_16.9.1.LTS\lib\</path>
         <kind>archive</kind>
         <file>rts430x_lc_sd_eabi.lib</file>
         <name>int47.obj</name>
      </input_file>
      <input_file id="fl-3e">
         <path>D:\ti\ccsv7\tools\compiler\ti-cgt-msp430_16.9.1.LTS\lib\</path>
         <kind>archive</kind>
         <file>rts430x_lc_sd_eabi.lib</file>
         <name>int51.obj</name>
      </input_file>
      <input_file id="fl-3f">
         <path>D:\ti\ccsv7\tools\compiler\ti-cgt-msp430_16.9.1.LTS\lib\</path>
         <kind>archive</kind>
         <file>rts430x_lc_sd_eabi.lib</file>
         <name>int54.obj</name>
      </input_file>
      <input_file id="fl-40">
         <path>D:\ti\ccsv7\tools\compiler\ti-cgt-msp430_16.9.1.LTS\lib\</path>
         <kind>archive</kind>
         <file>rts430x_lc_sd_eabi.lib</file>
         <name>int55.obj</name>
      </input_file>
      <input_file id="fl-41">
         <path>D:\ti\ccsv7\tools\compiler\ti-cgt-msp430_16.9.1.LTS\lib\</path>
         <kind>archive</kind>
         <file>rts430x_lc_sd_eabi.lib</file>
         <name>int56.obj</name>
      </input_file>
      <input_file id="fl-42">
         <path>D:\ti\ccsv7\tools\compiler\ti-cgt-msp430_16.9.1.LTS\lib\</path>
         <kind>archive</kind>
         <file>rts430x_lc_sd_eabi.lib</file>
         <name>int57.obj</name>
      </input_file>
      <input_file id="fl-43">
         <path>D:\ti\ccsv7\tools\compiler\ti-cgt-msp430_16.9.1.LTS\lib\</path>
         <kind>archive</kind>
         <file>rts430x_lc_sd_eabi.lib</file>
         <name>int58.obj</name>
      </input_file>
      <input_file id="fl-44">
         <path>D:\ti\ccsv7\tools\compiler\ti-cgt-msp430_16.9.1.LTS\lib\</path>
         <kind>archive</kind>
         <file>rts430x_lc_sd_eabi.lib</file>
         <name>isr_trap.obj</name>
      </input_file>
      <input_file id="fl-45">
         <path>D:\ti\ccsv7\tools\compiler\ti-cgt-msp430_16.9.1.LTS\lib\</path>
         <kind>archive</kind>
         <file>rts430x_lc_sd_eabi.lib</file>
         <name>lsl32.obj</name>
      </input_file>
      <input_file id="fl-46">
         <path>D:\ti\ccsv7\tools\compiler\ti-cgt-msp430_16.9.1.LTS\lib\</path>
         <kind>archive</kind>
         <file>rts430x_lc_sd_eabi.lib</file>
         <name>lsr32.obj</name>
      </input_file>
      <input_file id="fl-47">
         <path>D:\ti\ccsv7\tools\compiler\ti-cgt-msp430_16.9.1.LTS\lib\</path>
         <kind>archive</kind>
         <file>rts430x_lc_sd_eabi.lib</file>
         <name>lsr64.obj</name>
      </input_file>
      <input_file id="fl-48">
         <path>D:\ti\ccsv7\tools\compiler\ti-cgt-msp430_16.9.1.LTS\lib\</path>
         <kind>archive</kind>
         <file>rts430x_lc_sd_eabi.lib</file>
         <name>mpu_init.obj</name>
      </input_file>
      <input_file id="fl-49">
         <path>D:\ti\ccsv7\tools\compiler\ti-cgt-msp430_16.9.1.LTS\lib\</path>
         <kind>archive</kind>
         <file>rts430x_lc_sd_eabi.lib</file>
         <name>mpyd.obj</name>
      </input_file>
      <input_file id="fl-4a">
         <path>D:\ti\ccsv7\tools\compiler\ti-cgt-msp430_16.9.1.LTS\lib\</path>
         <kind>archive</kind>
         <file>rts430x_lc_sd_eabi.lib</file>
         <name>mult16.obj</name>
      </input_file>
      <input_file id="fl-4b">
         <path>D:\ti\ccsv7\tools\compiler\ti-cgt-msp430_16.9.1.LTS\lib\</path>
         <kind>archive</kind>
         <file>rts430x_lc_sd_eabi.lib</file>
         <name>pre_init.obj</name>
      </input_file>
      <input_file id="fl-4c">
         <path>D:\ti\ccsv7\tools\compiler\ti-cgt-msp430_16.9.1.LTS\lib\</path>
         <kind>archive</kind>
         <file>rts430x_lc_sd_eabi.lib</file>
         <name>_lock.obj</name>
      </input_file>
      <input_file id="fl-4d">
         <path>D:\ti\ccsv7\tools\compiler\ti-cgt-msp430_16.9.1.LTS\lib\</path>
         <kind>archive</kind>
         <file>rts430x_lc_sd_eabi.lib</file>
         <name>args_main.obj</name>
      </input_file>
      <input_file id="fl-4e">
         <path>D:\ti\ccsv7\tools\compiler\ti-cgt-msp430_16.9.1.LTS\lib\</path>
         <kind>archive</kind>
         <file>rts430x_lc_sd_eabi.lib</file>
         <name>autoinit_wdt.obj</name>
      </input_file>
      <input_file id="fl-4f">
         <path>D:\ti\ccsv7\tools\compiler\ti-cgt-msp430_16.9.1.LTS\lib\</path>
         <kind>archive</kind>
         <file>rts430x_lc_sd_eabi.lib</file>
         <name>cpy_tbl.obj</name>
      </input_file>
      <input_file id="fl-50">
         <path>D:\ti\ccsv7\tools\compiler\ti-cgt-msp430_16.9.1.LTS\lib\</path>
         <kind>archive</kind>
         <file>rts430x_lc_sd_eabi.lib</file>
         <name>frcmpyd.obj</name>
      </input_file>
      <input_file id="fl-51">
         <path>D:\ti\ccsv7\tools\compiler\ti-cgt-msp430_16.9.1.LTS\lib\</path>
         <kind>archive</kind>
         <file>rts430x_lc_sd_eabi.lib</file>
         <name>memcpy.obj</name>
      </input_file>
      <input_file id="fl-52">
         <path>D:\ti\ccsv7\tools\compiler\ti-cgt-msp430_16.9.1.LTS\lib\</path>
         <kind>archive</kind>
         <file>rts430x_lc_sd_eabi.lib</file>
         <name>mult32.obj</name>
      </input_file>
      <input_file id="fl-53">
         <path>D:\ti\ccsv7\tools\compiler\ti-cgt-msp430_16.9.1.LTS\lib\</path>
         <kind>archive</kind>
         <file>rts430x_lc_sd_eabi.lib</file>
         <name>startup.obj</name>
      </input_file>
      <input_file id="fl-54">
         <path>D:\ti\ccsv7\tools\compiler\ti-cgt-msp430_16.9.1.LTS\lib\</path>
         <kind>archive</kind>
         <file>rts430x_lc_sd_eabi.lib</file>
         <name>asr32.obj</name>
      </input_file>
   </input_file_list>
   <object_component_list>
      <object_component id="oc-5c6">
         <name>.cinit..data.load</name>
         <load_address>0xc400</load_address>
         <run_address>0xc400</run_address>
         <size>0x12</size>
      </object_component>
      <object_component id="oc-5c3">
         <name>__TI_handler_table</name>
         <load_address>0xc412</load_address>
         <run_address>0xc412</run_address>
         <size>0xc</size>
      </object_component>
      <object_component id="oc-5c5">
         <name>.cinit..bss.load</name>
         <load_address>0xc41e</load_address>
         <run_address>0xc41e</run_address>
         <size>0x6</size>
      </object_component>
      <object_component id="oc-5c4">
         <name>__TI_cinit_table</name>
         <load_address>0xc424</load_address>
         <run_address>0xc424</run_address>
         <size>0x10</size>
      </object_component>
      <object_component id="oc-563">
         <name>.binit</name>
         <load_address>0xc434</load_address>
         <run_address>0xc434</run_address>
         <size>0x0</size>
      </object_component>
      <object_component id="oc-50e">
         <name>.text:__TI_frcmpyd</name>
         <load_address>0xc434</load_address>
         <run_address>0xc434</run_address>
         <size>0x286</size>
         <input_file_ref idref="fl-50"/>
      </object_component>
      <object_component id="oc-4b6">
         <name>.text:__mspabi_mpyd</name>
         <load_address>0xc6ba</load_address>
         <run_address>0xc6ba</run_address>
         <size>0x280</size>
         <input_file_ref idref="fl-49"/>
      </object_component>
      <object_component id="oc-333">
         <name>.text:initGpio</name>
         <load_address>0xc93a</load_address>
         <run_address>0xc93a</run_address>
         <size>0x124</size>
         <input_file_ref idref="fl-6"/>
      </object_component>
      <object_component id="oc-63">
         <name>.text:decompress:lzss:__TI_decompress_lzss</name>
         <load_address>0xca5e</load_address>
         <run_address>0xca5e</run_address>
         <size>0xee</size>
         <input_file_ref idref="fl-2d"/>
      </object_component>
      <object_component id="oc-258">
         <name>.text:_isr:Port_2</name>
         <load_address>0xcb4c</load_address>
         <run_address>0xcb4c</run_address>
         <size>0xc8</size>
         <input_file_ref idref="fl-c"/>
      </object_component>
      <object_component id="oc-493">
         <name>.text</name>
         <load_address>0xcc14</load_address>
         <run_address>0xcc14</run_address>
         <size>0xb8</size>
         <input_file_ref idref="fl-3a"/>
      </object_component>
      <object_component id="oc-30c">
         <name>.text:copy_in</name>
         <load_address>0xcccc</load_address>
         <run_address>0xcccc</run_address>
         <size>0xb2</size>
         <input_file_ref idref="fl-4f"/>
      </object_component>
      <object_component id="oc-263">
         <name>.text:_isr:ADC_ISR</name>
         <load_address>0xcd7e</load_address>
         <run_address>0xcd7e</run_address>
         <size>0xa2</size>
         <input_file_ref idref="fl-2"/>
      </object_component>
      <object_component id="oc-426">
         <name>.text:vent_operate</name>
         <load_address>0xce20</load_address>
         <run_address>0xce20</run_address>
         <size>0xa2</size>
         <input_file_ref idref="fl-3"/>
      </object_component>
      <object_component id="oc-28d">
         <name>.text:_auto_init_hold_wdt</name>
         <load_address>0xcec2</load_address>
         <run_address>0xcec2</run_address>
         <size>0x96</size>
         <input_file_ref idref="fl-4e"/>
      </object_component>
      <object_component id="oc-48e">
         <name>.text</name>
         <load_address>0xcf58</load_address>
         <run_address>0xcf58</run_address>
         <size>0x90</size>
         <input_file_ref idref="fl-39"/>
      </object_component>
      <object_component id="oc-4bc">
         <name>.text:__mspabi_cvtdf</name>
         <load_address>0xcfe8</load_address>
         <run_address>0xcfe8</run_address>
         <size>0x8c</size>
         <input_file_ref idref="fl-31"/>
      </object_component>
      <object_component id="oc-269">
         <name>.text:_isr:USCI_B0_ISR</name>
         <load_address>0xd074</load_address>
         <run_address>0xd074</run_address>
         <size>0x8a</size>
         <input_file_ref idref="fl-8"/>
      </object_component>
      <object_component id="oc-413">
         <name>.text:Angle_correction</name>
         <load_address>0xd0fe</load_address>
         <run_address>0xd0fe</run_address>
         <size>0x82</size>
         <input_file_ref idref="fl-3"/>
      </object_component>
      <object_component id="oc-507">
         <name>.text:__mspabi_fltuld</name>
         <load_address>0xd180</load_address>
         <run_address>0xd180</run_address>
         <size>0x80</size>
         <input_file_ref idref="fl-38"/>
      </object_component>
      <object_component id="oc-44c">
         <name>.text:get_press_temp</name>
         <load_address>0xd200</load_address>
         <run_address>0xd200</run_address>
         <size>0x80</size>
         <input_file_ref idref="fl-7"/>
      </object_component>
      <object_component id="oc-351">
         <name>.text:vent_self_test</name>
         <load_address>0xd280</load_address>
         <run_address>0xd280</run_address>
         <size>0x72</size>
         <input_file_ref idref="fl-d"/>
      </object_component>
      <object_component id="oc-36f">
         <name>.text:adc_repeat_single_channel_vcc</name>
         <load_address>0xd2f2</load_address>
         <run_address>0xd2f2</run_address>
         <size>0x6c</size>
         <input_file_ref idref="fl-2"/>
      </object_component>
      <object_component id="oc-38d">
         <name>.text:bat_detect</name>
         <load_address>0xd35e</load_address>
         <run_address>0xd35e</run_address>
         <size>0x58</size>
         <input_file_ref idref="fl-4"/>
      </object_component>
      <object_component id="oc-4e8">
         <name>.text</name>
         <load_address>0xd3b6</load_address>
         <run_address>0xd3b6</run_address>
         <size>0x58</size>
         <input_file_ref idref="fl-34"/>
      </object_component>
      <object_component id="oc-357">
         <name>.text:angle_test</name>
         <load_address>0xd40e</load_address>
         <run_address>0xd40e</run_address>
         <size>0x4e</size>
         <input_file_ref idref="fl-3"/>
      </object_component>
      <object_component id="oc-339">
         <name>.text:cs_init</name>
         <load_address>0xd45c</load_address>
         <run_address>0xd45c</run_address>
         <size>0x4c</size>
         <input_file_ref idref="fl-5"/>
      </object_component>
      <object_component id="oc-432">
         <name>.text:adc_repeat_single_channel_1v5</name>
         <load_address>0xd4a8</load_address>
         <run_address>0xd4a8</run_address>
         <size>0x46</size>
         <input_file_ref idref="fl-2"/>
      </object_component>
      <object_component id="oc-498">
         <name>.text</name>
         <load_address>0xd4ee</load_address>
         <run_address>0xd4ee</run_address>
         <size>0x46</size>
         <input_file_ref idref="fl-3b"/>
      </object_component>
      <object_component id="oc-24c">
         <name>.text:__memcpy_far</name>
         <load_address>0xd534</load_address>
         <run_address>0xd534</run_address>
         <size>0x40</size>
         <input_file_ref idref="fl-30"/>
      </object_component>
      <object_component id="oc-478">
         <name>.text</name>
         <load_address>0xd574</load_address>
         <run_address>0xd574</run_address>
         <size>0x40</size>
         <input_file_ref idref="fl-33"/>
      </object_component>
      <object_component id="oc-7c">
         <name>.text:decompress:ZI:__TI_zero_init</name>
         <load_address>0xd5b4</load_address>
         <run_address>0xd5b4</run_address>
         <size>0x3e</size>
         <input_file_ref idref="fl-2f"/>
      </object_component>
      <object_component id="oc-54e">
         <name>.text:l_asr_const</name>
         <load_address>0xd5f2</load_address>
         <run_address>0xd5f2</run_address>
         <size>0x3e</size>
         <input_file_ref idref="fl-54"/>
      </object_component>
      <object_component id="oc-51b">
         <name>.text:l_lsl_const</name>
         <load_address>0xd630</load_address>
         <run_address>0xd630</run_address>
         <size>0x3e</size>
         <input_file_ref idref="fl-45"/>
      </object_component>
      <object_component id="oc-542">
         <name>.text:l_lsr_const</name>
         <load_address>0xd66e</load_address>
         <run_address>0xd66e</run_address>
         <size>0x3e</size>
         <input_file_ref idref="fl-46"/>
      </object_component>
      <object_component id="oc-4a0">
         <name>.text:adc_window_comparator_vcc</name>
         <load_address>0xd6ac</load_address>
         <run_address>0xd6ac</run_address>
         <size>0x3c</size>
         <input_file_ref idref="fl-2"/>
      </object_component>
      <object_component id="oc-69">
         <name>.text:decompress:none:__TI_decompress_none</name>
         <load_address>0xd6e8</load_address>
         <run_address>0xd6e8</run_address>
         <size>0x3c</size>
         <input_file_ref idref="fl-2e"/>
      </object_component>
      <object_component id="oc-34b">
         <name>.text:angle_info_init</name>
         <load_address>0xd724</load_address>
         <run_address>0xd724</run_address>
         <size>0x3a</size>
         <input_file_ref idref="fl-3"/>
      </object_component>
      <object_component id="oc-4fa">
         <name>.text:motor_Forward_start</name>
         <load_address>0xd75e</load_address>
         <run_address>0xd75e</run_address>
         <size>0x3a</size>
         <input_file_ref idref="fl-b"/>
      </object_component>
      <object_component id="oc-4f4">
         <name>.text:motor_Reverse_start</name>
         <load_address>0xd798</load_address>
         <run_address>0xd798</run_address>
         <size>0x3a</size>
         <input_file_ref idref="fl-b"/>
      </object_component>
      <object_component id="oc-303">
         <name>.text:rtc_wake_isr</name>
         <load_address>0xd7d2</load_address>
         <run_address>0xd7d2</run_address>
         <size>0x3a</size>
         <input_file_ref idref="fl-e"/>
      </object_component>
      <object_component id="oc-533">
         <name>.text:i2c_read</name>
         <load_address>0xd80c</load_address>
         <run_address>0xd80c</run_address>
         <size>0x38</size>
         <input_file_ref idref="fl-8"/>
      </object_component>
      <object_component id="oc-444">
         <name>.text:read_bat_Elec</name>
         <load_address>0xd844</load_address>
         <run_address>0xd844</run_address>
         <size>0x36</size>
         <input_file_ref idref="fl-4"/>
      </object_component>
      <object_component id="oc-52b">
         <name>.text:i2c_Write</name>
         <load_address>0xd87a</load_address>
         <run_address>0xd87a</run_address>
         <size>0x34</size>
         <input_file_ref idref="fl-8"/>
      </object_component>
      <object_component id="oc-3f5">
         <name>.text:pwm_init</name>
         <load_address>0xd8ae</load_address>
         <run_address>0xd8ae</run_address>
         <size>0x2e</size>
         <input_file_ref idref="fl-b"/>
      </object_component>
      <object_component id="oc-2d1">
         <name>.text:read_angle_value</name>
         <load_address>0xd8dc</load_address>
         <run_address>0xd8dc</run_address>
         <size>0x2e</size>
         <input_file_ref idref="fl-3"/>
      </object_component>
      <object_component id="oc-4d2">
         <name>.text:hp203b_adc_cvt</name>
         <load_address>0xd90a</load_address>
         <run_address>0xd90a</run_address>
         <size>0x2a</size>
         <input_file_ref idref="fl-7"/>
      </object_component>
      <object_component id="oc-2a7">
         <name>.text:main</name>
         <load_address>0xd934</load_address>
         <run_address>0xd934</run_address>
         <size>0x2a</size>
         <input_file_ref idref="fl-a"/>
      </object_component>
      <object_component id="oc-549">
         <name>.text</name>
         <load_address>0xd95e</load_address>
         <run_address>0xd95e</run_address>
         <size>0x26</size>
         <input_file_ref idref="fl-52"/>
      </object_component>
      <object_component id="oc-4d8">
         <name>.text:hp203b_read_pt</name>
         <load_address>0xd984</load_address>
         <run_address>0xd984</run_address>
         <size>0x24</size>
         <input_file_ref idref="fl-7"/>
      </object_component>
      <object_component id="oc-489">
         <name>.text</name>
         <load_address>0xd9a8</load_address>
         <run_address>0xd9a8</run_address>
         <size>0x24</size>
         <input_file_ref idref="fl-3c"/>
      </object_component>
      <object_component id="oc-345">
         <name>.text:bat_info_init</name>
         <load_address>0xd9cc</load_address>
         <run_address>0xd9cc</run_address>
         <size>0x20</size>
         <input_file_ref idref="fl-4"/>
      </object_component>
      <object_component id="oc-4a6">
         <name>.text:delay_hw_ms</name>
         <load_address>0xd9ec</load_address>
         <run_address>0xd9ec</run_address>
         <size>0x1e</size>
         <input_file_ref idref="fl-f"/>
      </object_component>
      <object_component id="oc-420">
         <name>.text:delay_hw_s</name>
         <load_address>0xda0a</load_address>
         <run_address>0xda0a</run_address>
         <size>0x1e</size>
         <input_file_ref idref="fl-f"/>
      </object_component>
      <object_component id="oc-2c8">
         <name>.text:motor_stop_operate</name>
         <load_address>0xda28</load_address>
         <run_address>0xda28</run_address>
         <size>0x1e</size>
         <input_file_ref idref="fl-b"/>
      </object_component>
      <object_component id="oc-40d">
         <name>.text:timer_end</name>
         <load_address>0xda46</load_address>
         <run_address>0xda46</run_address>
         <size>0x1e</size>
         <input_file_ref idref="fl-f"/>
      </object_component>
      <object_component id="oc-393">
         <name>.text:i2c_init</name>
         <load_address>0xda64</load_address>
         <run_address>0xda64</run_address>
         <size>0x1c</size>
         <input_file_ref idref="fl-8"/>
      </object_component>
      <object_component id="oc-9a">
         <name>.text:_isr:_c_int00_noargs_noexit</name>
         <load_address>0xda80</load_address>
         <run_address>0xda80</run_address>
         <size>0x1a</size>
         <input_file_ref idref="fl-2c"/>
      </object_component>
      <object_component id="oc-3ef">
         <name>.text:motor_init</name>
         <load_address>0xda9a</load_address>
         <run_address>0xda9a</run_address>
         <size>0x1a</size>
         <input_file_ref idref="fl-b"/>
      </object_component>
      <object_component id="oc-47f">
         <name>.text:motor_open</name>
         <load_address>0xdab4</load_address>
         <run_address>0xdab4</run_address>
         <size>0x1a</size>
         <input_file_ref idref="fl-b"/>
      </object_component>
      <object_component id="oc-27b">
         <name>.text:_isr:TIMER1_A1_ISR</name>
         <load_address>0xdace</load_address>
         <run_address>0xdace</run_address>
         <size>0x16</size>
         <input_file_ref idref="fl-f"/>
      </object_component>
      <object_component id="oc-26f">
         <name>.text:_isr:USCI_A0_ISR</name>
         <load_address>0xdae4</load_address>
         <run_address>0xdae4</run_address>
         <size>0x16</size>
         <input_file_ref idref="fl-10"/>
      </object_component>
      <object_component id="oc-375">
         <name>.text</name>
         <load_address>0xdafa</load_address>
         <run_address>0xdafa</run_address>
         <size>0x16</size>
         <input_file_ref idref="fl-32"/>
      </object_component>
      <object_component id="oc-4cc">
         <name>.text:hp203b_rst</name>
         <load_address>0xdb10</load_address>
         <run_address>0xdb10</run_address>
         <size>0x14</size>
         <input_file_ref idref="fl-7"/>
      </object_component>
      <object_component id="oc-3a0">
         <name>.text</name>
         <load_address>0xdb24</load_address>
         <run_address>0xdb24</run_address>
         <size>0x14</size>
         <input_file_ref idref="fl-4a"/>
      </object_component>
      <object_component id="oc-3dd">
         <name>.text:vent_info_init</name>
         <load_address>0xdb38</load_address>
         <run_address>0xdb38</run_address>
         <size>0x14</size>
         <input_file_ref idref="fl-d"/>
      </object_component>
      <object_component id="oc-3a5">
         <name>.text:memcpy</name>
         <load_address>0xdb4c</load_address>
         <run_address>0xdb4c</run_address>
         <size>0x12</size>
         <input_file_ref idref="fl-51"/>
      </object_component>
      <object_component id="oc-275">
         <name>.text:_isr:RTC_ISR</name>
         <load_address>0xdb5e</load_address>
         <run_address>0xdb5e</run_address>
         <size>0x10</size>
         <input_file_ref idref="fl-e"/>
      </object_component>
      <object_component id="oc-33f">
         <name>.text:limit_int_en</name>
         <load_address>0xdb6e</load_address>
         <run_address>0xdb6e</run_address>
         <size>0xe</size>
         <input_file_ref idref="fl-c"/>
      </object_component>
      <object_component id="oc-3e9">
         <name>.text:timer_start</name>
         <load_address>0xdb7c</load_address>
         <run_address>0xdb7c</run_address>
         <size>0xe</size>
         <input_file_ref idref="fl-f"/>
      </object_component>
      <object_component id="oc-2f2">
         <name>.text:adc_window_isr</name>
         <load_address>0xdb8a</load_address>
         <run_address>0xdb8a</run_address>
         <size>0xc</size>
         <input_file_ref idref="fl-2"/>
      </object_component>
      <object_component id="oc-25e">
         <name>.text:_isr:__TI_ISR_TRAP</name>
         <load_address>0xdb96</load_address>
         <run_address>0xdb96</run_address>
         <size>0x8</size>
         <input_file_ref idref="fl-44"/>
      </object_component>
      <object_component id="oc-2e0">
         <name>.text:blue_on</name>
         <load_address>0xdb9e</load_address>
         <run_address>0xdb9e</run_address>
         <size>0x8</size>
         <input_file_ref idref="fl-9"/>
      </object_component>
      <object_component id="oc-2e6">
         <name>.text:green_on</name>
         <load_address>0xdba6</load_address>
         <run_address>0xdba6</run_address>
         <size>0x8</size>
         <input_file_ref idref="fl-9"/>
      </object_component>
      <object_component id="oc-399">
         <name>.text:hp203b_init</name>
         <load_address>0xdbae</load_address>
         <run_address>0xdbae</run_address>
         <size>0x8</size>
         <input_file_ref idref="fl-7"/>
      </object_component>
      <object_component id="oc-2da">
         <name>.text:led_off</name>
         <load_address>0xdbb6</load_address>
         <run_address>0xdbb6</run_address>
         <size>0x8</size>
         <input_file_ref idref="fl-9"/>
      </object_component>
      <object_component id="oc-401">
         <name>.text:limit_error</name>
         <load_address>0xdbbe</load_address>
         <run_address>0xdbbe</run_address>
         <size>0x8</size>
         <input_file_ref idref="fl-d"/>
      </object_component>
      <object_component id="oc-4ee">
         <name>.text:motor_power_en</name>
         <load_address>0xdbc6</load_address>
         <run_address>0xdbc6</run_address>
         <size>0x8</size>
         <input_file_ref idref="fl-b"/>
      </object_component>
      <object_component id="oc-407">
         <name>.text:vent_close</name>
         <load_address>0xdbce</load_address>
         <run_address>0xdbce</run_address>
         <size>0x8</size>
         <input_file_ref idref="fl-b"/>
      </object_component>
      <object_component id="oc-3fb">
         <name>.text:vent_open</name>
         <load_address>0xdbd6</load_address>
         <run_address>0xdbd6</run_address>
         <size>0x8</size>
         <input_file_ref idref="fl-b"/>
      </object_component>
      <object_component id="oc-4b0">
         <name>.text:__mspabi_fltud</name>
         <load_address>0xdbde</load_address>
         <run_address>0xdbde</run_address>
         <size>0x6</size>
         <input_file_ref idref="fl-37"/>
      </object_component>
      <object_component id="oc-2af">
         <name>.text:abort</name>
         <load_address>0xdbe4</load_address>
         <run_address>0xdbe4</run_address>
         <size>0x6</size>
         <input_file_ref idref="fl-35"/>
      </object_component>
      <object_component id="oc-3e3">
         <name>.text:angle_en</name>
         <load_address>0xdbea</load_address>
         <run_address>0xdbea</run_address>
         <size>0x6</size>
         <input_file_ref idref="fl-3"/>
      </object_component>
      <object_component id="oc-419">
         <name>.text:angle_off</name>
         <load_address>0xdbf0</load_address>
         <run_address>0xdbf0</run_address>
         <size>0x6</size>
         <input_file_ref idref="fl-3"/>
      </object_component>
      <object_component id="oc-452">
         <name>.text:hp203b_off</name>
         <load_address>0xdbf6</load_address>
         <run_address>0xdbf6</run_address>
         <size>0x6</size>
         <input_file_ref idref="fl-7"/>
      </object_component>
      <object_component id="oc-4c6">
         <name>.text:hp203b_on</name>
         <load_address>0xdbfc</load_address>
         <run_address>0xdbfc</run_address>
         <size>0x6</size>
         <input_file_ref idref="fl-7"/>
      </object_component>
      <object_component id="oc-438">
         <name>.text:red_off</name>
         <load_address>0xdc02</load_address>
         <run_address>0xdc02</run_address>
         <size>0x6</size>
         <input_file_ref idref="fl-9"/>
      </object_component>
      <object_component id="oc-43e">
         <name>.text:red_on</name>
         <load_address>0xdc08</load_address>
         <run_address>0xdc08</run_address>
         <size>0x6</size>
         <input_file_ref idref="fl-9"/>
      </object_component>
      <object_component id="oc-287">
         <name>.text:_system_pre_init</name>
         <load_address>0xdc0e</load_address>
         <run_address>0xdc0e</run_address>
         <size>0x4</size>
         <input_file_ref idref="fl-4b"/>
      </object_component>
      <object_component id="oc-312">
         <name>.text:_system_post_cinit</name>
         <load_address>0xdc12</load_address>
         <run_address>0xdc12</run_address>
         <size>0x2</size>
         <input_file_ref idref="fl-53"/>
      </object_component>
      <object_component id="oc-2f1">
         <name>.common:ADC_Result</name>
         <uninitialized>true</uninitialized>
         <run_address>0x2098</run_address>
         <size>0x2</size>
      </object_component>
      <object_component id="oc-2ee">
         <name>.common:ADC_Count</name>
         <uninitialized>true</uninitialized>
         <run_address>0x20a6</run_address>
         <size>0x1</size>
      </object_component>
      <object_component id="oc-2d7">
         <name>.common:angle</name>
         <uninitialized>true</uninitialized>
         <run_address>0x203c</run_address>
         <size>0x1a</size>
      </object_component>
      <object_component id="oc-36e">
         <name>.common:angle_value</name>
         <uninitialized>true</uninitialized>
         <run_address>0x2056</run_address>
         <size>0x14</size>
      </object_component>
      <object_component id="oc-3d8">
         <name>.common:bat</name>
         <uninitialized>true</uninitialized>
         <run_address>0x206a</run_address>
         <size>0xe</size>
      </object_component>
      <object_component id="oc-431">
         <name>.common:Bat_Elec</name>
         <uninitialized>true</uninitialized>
         <run_address>0x2000</run_address>
         <size>0x3c</size>
      </object_component>
      <object_component id="oc-52a">
         <name>.common:hp203b_cmd</name>
         <uninitialized>true</uninitialized>
         <run_address>0x2090</run_address>
         <size>0x4</size>
      </object_component>
      <object_component id="oc-4de">
         <name>.common:hp203b_data</name>
         <uninitialized>true</uninitialized>
         <run_address>0x2084</run_address>
         <size>0x6</size>
      </object_component>
      <object_component id="oc-2fd">
         <name>.common:tx_data</name>
         <uninitialized>true</uninitialized>
         <run_address>0x20a4</run_address>
         <size>0x2</size>
      </object_component>
      <object_component id="oc-300">
         <name>.common:rx_data</name>
         <uninitialized>true</uninitialized>
         <run_address>0x20a0</run_address>
         <size>0x2</size>
      </object_component>
      <object_component id="oc-2fc">
         <name>.common:tx_byte</name>
         <uninitialized>true</uninitialized>
         <run_address>0x20a2</run_address>
         <size>0x2</size>
      </object_component>
      <object_component id="oc-2f9">
         <name>.common:TXByteCtr</name>
         <uninitialized>true</uninitialized>
         <run_address>0x209c</run_address>
         <size>0x2</size>
      </object_component>
      <object_component id="oc-2ff">
         <name>.common:rx_byte</name>
         <uninitialized>true</uninitialized>
         <run_address>0x209e</run_address>
         <size>0x2</size>
      </object_component>
      <object_component id="oc-2fe">
         <name>.common:RXByteCtr</name>
         <uninitialized>true</uninitialized>
         <run_address>0x209a</run_address>
         <size>0x2</size>
      </object_component>
      <object_component id="oc-2c5">
         <name>.common:motor</name>
         <uninitialized>true</uninitialized>
         <run_address>0x2078</run_address>
         <size>0xc</size>
      </object_component>
      <object_component id="oc-47d">
         <name>.common:pwm</name>
         <uninitialized>true</uninitialized>
         <run_address>0x2094</run_address>
         <size>0x4</size>
      </object_component>
      <object_component id="oc-2ce">
         <name>.common:vent</name>
         <uninitialized>true</uninitialized>
         <run_address>0x208a</run_address>
         <size>0x6</size>
      </object_component>
      <object_component id="oc-4c3">
         <name>.data:adc_cvt</name>
         <load_address>0x20bc</load_address>
         <run_address>0x20bc</run_address>
         <size>0x3</size>
         <input_file_ref idref="fl-7"/>
      </object_component>
      <object_component id="oc-4e1">
         <name>.data:hp203b</name>
         <load_address>0x20a8</load_address>
         <run_address>0x20a8</run_address>
         <size>0x14</size>
         <input_file_ref idref="fl-7"/>
      </object_component>
      <object_component id="oc-38a">
         <name>.data</name>
         <load_address>0x20c0</load_address>
         <run_address>0x20c0</run_address>
         <size>0x2</size>
         <input_file_ref idref="fl-e"/>
      </object_component>
      <object_component id="oc-23d">
         <name>.stack</name>
         <uninitialized>true</uninitialized>
         <run_address>0x2760</run_address>
         <size>0x2</size>
         <input_file_ref idref="fl-2b"/>
      </object_component>
      <object_component id="oc-5c7">
         <name>.stack</name>
         <uninitialized>true</uninitialized>
         <run_address>0x2760</run_address>
         <size>0x0</size>
      </object_component>
      <object_component id="oc-6f">
         <name>.int46</name>
         <load_address>0xffe4</load_address>
         <run_address>0xffe4</run_address>
         <size>0x2</size>
         <input_file_ref idref="fl-c"/>
      </object_component>
      <object_component id="oc-70">
         <name>.int47</name>
         <load_address>0xffe6</load_address>
         <run_address>0xffe6</run_address>
         <size>0x2</size>
         <input_file_ref idref="fl-3d"/>
      </object_component>
      <object_component id="oc-71">
         <name>.int48</name>
         <load_address>0xffe8</load_address>
         <run_address>0xffe8</run_address>
         <size>0x2</size>
         <input_file_ref idref="fl-2"/>
      </object_component>
      <object_component id="oc-72">
         <name>.int49</name>
         <load_address>0xffea</load_address>
         <run_address>0xffea</run_address>
         <size>0x2</size>
         <input_file_ref idref="fl-8"/>
      </object_component>
      <object_component id="oc-73">
         <name>.int50</name>
         <load_address>0xffec</load_address>
         <run_address>0xffec</run_address>
         <size>0x2</size>
         <input_file_ref idref="fl-10"/>
      </object_component>
      <object_component id="oc-74">
         <name>.int51</name>
         <load_address>0xffee</load_address>
         <run_address>0xffee</run_address>
         <size>0x2</size>
         <input_file_ref idref="fl-3e"/>
      </object_component>
      <object_component id="oc-75">
         <name>.int52</name>
         <load_address>0xfff0</load_address>
         <run_address>0xfff0</run_address>
         <size>0x2</size>
         <input_file_ref idref="fl-e"/>
      </object_component>
      <object_component id="oc-76">
         <name>.int53</name>
         <load_address>0xfff2</load_address>
         <run_address>0xfff2</run_address>
         <size>0x2</size>
         <input_file_ref idref="fl-f"/>
      </object_component>
      <object_component id="oc-77">
         <name>.int54</name>
         <load_address>0xfff4</load_address>
         <run_address>0xfff4</run_address>
         <size>0x2</size>
         <input_file_ref idref="fl-3f"/>
      </object_component>
      <object_component id="oc-78">
         <name>.int55</name>
         <load_address>0xfff6</load_address>
         <run_address>0xfff6</run_address>
         <size>0x2</size>
         <input_file_ref idref="fl-40"/>
      </object_component>
      <object_component id="oc-79">
         <name>.int56</name>
         <load_address>0xfff8</load_address>
         <run_address>0xfff8</run_address>
         <size>0x2</size>
         <input_file_ref idref="fl-41"/>
      </object_component>
      <object_component id="oc-7a">
         <name>.int57</name>
         <load_address>0xfffa</load_address>
         <run_address>0xfffa</run_address>
         <size>0x2</size>
         <input_file_ref idref="fl-42"/>
      </object_component>
      <object_component id="oc-7b">
         <name>.int58</name>
         <load_address>0xfffc</load_address>
         <run_address>0xfffc</run_address>
         <size>0x2</size>
         <input_file_ref idref="fl-43"/>
      </object_component>
      <object_component id="oc-240">
         <name>.reset</name>
         <load_address>0xfffe</load_address>
         <run_address>0xfffe</run_address>
         <size>0x2</size>
         <input_file_ref idref="fl-2b"/>
      </object_component>
      <object_component id="oc-2ef">
         <name>.debug_info</name>
         <load_address>0x0</load_address>
         <run_address>0x0</run_address>
         <size>0x408</size>
         <input_file_ref idref="fl-2"/>
      </object_component>
      <object_component id="oc-2f3">
         <name>.debug_info</name>
         <load_address>0x408</load_address>
         <run_address>0x408</run_address>
         <size>0x111</size>
         <input_file_ref idref="fl-2"/>
      </object_component>
      <object_component id="oc-4a1">
         <name>.debug_info</name>
         <load_address>0x519</load_address>
         <run_address>0x519</run_address>
         <size>0x1cc</size>
         <input_file_ref idref="fl-2"/>
      </object_component>
      <object_component id="oc-370">
         <name>.debug_info</name>
         <load_address>0x6e5</load_address>
         <run_address>0x6e5</run_address>
         <size>0x18c</size>
         <input_file_ref idref="fl-2"/>
      </object_component>
      <object_component id="oc-433">
         <name>.debug_info</name>
         <load_address>0x871</load_address>
         <run_address>0x871</run_address>
         <size>0x177</size>
         <input_file_ref idref="fl-2"/>
      </object_component>
      <object_component id="oc-264">
         <name>.debug_info</name>
         <load_address>0x9e8</load_address>
         <run_address>0x9e8</run_address>
         <size>0x100</size>
         <input_file_ref idref="fl-2"/>
      </object_component>
      <object_component id="oc-247">
         <name>.debug_info</name>
         <load_address>0xae8</load_address>
         <run_address>0xae8</run_address>
         <size>0x84</size>
         <input_file_ref idref="fl-2"/>
      </object_component>
      <object_component id="oc-37d">
         <name>.debug_info</name>
         <load_address>0xb6c</load_address>
         <run_address>0xb6c</run_address>
         <size>0x11d</size>
         <input_file_ref idref="fl-2"/>
      </object_component>
      <object_component id="oc-361">
         <name>.debug_info</name>
         <load_address>0xc89</load_address>
         <run_address>0xc89</run_address>
         <size>0xdb</size>
         <input_file_ref idref="fl-2"/>
      </object_component>
      <object_component id="oc-2d8">
         <name>.debug_info</name>
         <load_address>0xd64</load_address>
         <run_address>0xd64</run_address>
         <size>0x326</size>
         <input_file_ref idref="fl-3"/>
      </object_component>
      <object_component id="oc-3e4">
         <name>.debug_info</name>
         <load_address>0x108a</load_address>
         <run_address>0x108a</run_address>
         <size>0xec</size>
         <input_file_ref idref="fl-3"/>
      </object_component>
      <object_component id="oc-2d2">
         <name>.debug_info</name>
         <load_address>0x1176</load_address>
         <run_address>0x1176</run_address>
         <size>0x150</size>
         <input_file_ref idref="fl-3"/>
      </object_component>
      <object_component id="oc-41a">
         <name>.debug_info</name>
         <load_address>0x12c6</load_address>
         <run_address>0x12c6</run_address>
         <size>0xee</size>
         <input_file_ref idref="fl-3"/>
      </object_component>
      <object_component id="oc-427">
         <name>.debug_info</name>
         <load_address>0x13b4</load_address>
         <run_address>0x13b4</run_address>
         <size>0x24d</size>
         <input_file_ref idref="fl-3"/>
      </object_component>
      <object_component id="oc-358">
         <name>.debug_info</name>
         <load_address>0x1601</load_address>
         <run_address>0x1601</run_address>
         <size>0x182</size>
         <input_file_ref idref="fl-3"/>
      </object_component>
      <object_component id="oc-34c">
         <name>.debug_info</name>
         <load_address>0x1783</load_address>
         <run_address>0x1783</run_address>
         <size>0xfa</size>
         <input_file_ref idref="fl-3"/>
      </object_component>
      <object_component id="oc-414">
         <name>.debug_info</name>
         <load_address>0x187d</load_address>
         <run_address>0x187d</run_address>
         <size>0x1b5</size>
         <input_file_ref idref="fl-3"/>
      </object_component>
      <object_component id="oc-3d9">
         <name>.debug_info</name>
         <load_address>0x1a32</load_address>
         <run_address>0x1a32</run_address>
         <size>0x20e</size>
         <input_file_ref idref="fl-4"/>
      </object_component>
      <object_component id="oc-445">
         <name>.debug_info</name>
         <load_address>0x1c40</load_address>
         <run_address>0x1c40</run_address>
         <size>0x143</size>
         <input_file_ref idref="fl-4"/>
      </object_component>
      <object_component id="oc-346">
         <name>.debug_info</name>
         <load_address>0x1d83</load_address>
         <run_address>0x1d83</run_address>
         <size>0x105</size>
         <input_file_ref idref="fl-4"/>
      </object_component>
      <object_component id="oc-38e">
         <name>.debug_info</name>
         <load_address>0x1e88</load_address>
         <run_address>0x1e88</run_address>
         <size>0x16a</size>
         <input_file_ref idref="fl-4"/>
      </object_component>
      <object_component id="oc-46f">
         <name>.debug_info</name>
         <load_address>0x1ff2</load_address>
         <run_address>0x1ff2</run_address>
         <size>0xa5</size>
         <input_file_ref idref="fl-4"/>
      </object_component>
      <object_component id="oc-33a">
         <name>.debug_info</name>
         <load_address>0x2097</load_address>
         <run_address>0x2097</run_address>
         <size>0xe1</size>
         <input_file_ref idref="fl-5"/>
      </object_component>
      <object_component id="oc-334">
         <name>.debug_info</name>
         <load_address>0x2178</load_address>
         <run_address>0x2178</run_address>
         <size>0xe9</size>
         <input_file_ref idref="fl-6"/>
      </object_component>
      <object_component id="oc-4df">
         <name>.debug_info</name>
         <load_address>0x2261</load_address>
         <run_address>0x2261</run_address>
         <size>0x28e</size>
         <input_file_ref idref="fl-7"/>
      </object_component>
      <object_component id="oc-4c4">
         <name>.debug_info</name>
         <load_address>0x24ef</load_address>
         <run_address>0x24ef</run_address>
         <size>0xbf</size>
         <input_file_ref idref="fl-7"/>
      </object_component>
      <object_component id="oc-4e2">
         <name>.debug_info</name>
         <load_address>0x25ae</load_address>
         <run_address>0x25ae</run_address>
         <size>0xbd</size>
         <input_file_ref idref="fl-7"/>
      </object_component>
      <object_component id="oc-4cd">
         <name>.debug_info</name>
         <load_address>0x266b</load_address>
         <run_address>0x266b</run_address>
         <size>0xfe</size>
         <input_file_ref idref="fl-7"/>
      </object_component>
      <object_component id="oc-4d9">
         <name>.debug_info</name>
         <load_address>0x2769</load_address>
         <run_address>0x2769</run_address>
         <size>0x115</size>
         <input_file_ref idref="fl-7"/>
      </object_component>
      <object_component id="oc-4c7">
         <name>.debug_info</name>
         <load_address>0x287e</load_address>
         <run_address>0x287e</run_address>
         <size>0xf1</size>
         <input_file_ref idref="fl-7"/>
      </object_component>
      <object_component id="oc-453">
         <name>.debug_info</name>
         <load_address>0x296f</load_address>
         <run_address>0x296f</run_address>
         <size>0xf3</size>
         <input_file_ref idref="fl-7"/>
      </object_component>
      <object_component id="oc-4d3">
         <name>.debug_info</name>
         <load_address>0x2a62</load_address>
         <run_address>0x2a62</run_address>
         <size>0x106</size>
         <input_file_ref idref="fl-7"/>
      </object_component>
      <object_component id="oc-44d">
         <name>.debug_info</name>
         <load_address>0x2b68</load_address>
         <run_address>0x2b68</run_address>
         <size>0x1ad</size>
         <input_file_ref idref="fl-7"/>
      </object_component>
      <object_component id="oc-39a">
         <name>.debug_info</name>
         <load_address>0x2d15</load_address>
         <run_address>0x2d15</run_address>
         <size>0x116</size>
         <input_file_ref idref="fl-7"/>
      </object_component>
      <object_component id="oc-524">
         <name>.debug_info</name>
         <load_address>0x2e2b</load_address>
         <run_address>0x2e2b</run_address>
         <size>0x13f</size>
         <input_file_ref idref="fl-7"/>
      </object_component>
      <object_component id="oc-2fa">
         <name>.debug_info</name>
         <load_address>0x2f6a</load_address>
         <run_address>0x2f6a</run_address>
         <size>0x3c1</size>
         <input_file_ref idref="fl-8"/>
      </object_component>
      <object_component id="oc-534">
         <name>.debug_info</name>
         <load_address>0x332b</load_address>
         <run_address>0x332b</run_address>
         <size>0x151</size>
         <input_file_ref idref="fl-8"/>
      </object_component>
      <object_component id="oc-394">
         <name>.debug_info</name>
         <load_address>0x347c</load_address>
         <run_address>0x347c</run_address>
         <size>0xef</size>
         <input_file_ref idref="fl-8"/>
      </object_component>
      <object_component id="oc-52c">
         <name>.debug_info</name>
         <load_address>0x356b</load_address>
         <run_address>0x356b</run_address>
         <size>0x153</size>
         <input_file_ref idref="fl-8"/>
      </object_component>
      <object_component id="oc-26a">
         <name>.debug_info</name>
         <load_address>0x36be</load_address>
         <run_address>0x36be</run_address>
         <size>0xf6</size>
         <input_file_ref idref="fl-8"/>
      </object_component>
      <object_component id="oc-43f">
         <name>.debug_info</name>
         <load_address>0x37b4</load_address>
         <run_address>0x37b4</run_address>
         <size>0xe2</size>
         <input_file_ref idref="fl-9"/>
      </object_component>
      <object_component id="oc-439">
         <name>.debug_info</name>
         <load_address>0x3896</load_address>
         <run_address>0x3896</run_address>
         <size>0xe4</size>
         <input_file_ref idref="fl-9"/>
      </object_component>
      <object_component id="oc-2db">
         <name>.debug_info</name>
         <load_address>0x397a</load_address>
         <run_address>0x397a</run_address>
         <size>0xe4</size>
         <input_file_ref idref="fl-9"/>
      </object_component>
      <object_component id="oc-2e7">
         <name>.debug_info</name>
         <load_address>0x3a5e</load_address>
         <run_address>0x3a5e</run_address>
         <size>0xe6</size>
         <input_file_ref idref="fl-9"/>
      </object_component>
      <object_component id="oc-2e1">
         <name>.debug_info</name>
         <load_address>0x3b44</load_address>
         <run_address>0x3b44</run_address>
         <size>0xe4</size>
         <input_file_ref idref="fl-9"/>
      </object_component>
      <object_component id="oc-2a8">
         <name>.debug_info</name>
         <load_address>0x3c28</load_address>
         <run_address>0x3c28</run_address>
         <size>0x172</size>
         <input_file_ref idref="fl-a"/>
      </object_component>
      <object_component id="oc-369">
         <name>.debug_info</name>
         <load_address>0x3d9a</load_address>
         <run_address>0x3d9a</run_address>
         <size>0x7d</size>
         <input_file_ref idref="fl-a"/>
      </object_component>
      <object_component id="oc-2c6">
         <name>.debug_info</name>
         <load_address>0x3e17</load_address>
         <run_address>0x3e17</run_address>
         <size>0x271</size>
         <input_file_ref idref="fl-b"/>
      </object_component>
      <object_component id="oc-4ef">
         <name>.debug_info</name>
         <load_address>0x4088</load_address>
         <run_address>0x4088</run_address>
         <size>0xf7</size>
         <input_file_ref idref="fl-b"/>
      </object_component>
      <object_component id="oc-4f5">
         <name>.debug_info</name>
         <load_address>0x417f</load_address>
         <run_address>0x417f</run_address>
         <size>0x101</size>
         <input_file_ref idref="fl-b"/>
      </object_component>
      <object_component id="oc-4fb">
         <name>.debug_info</name>
         <load_address>0x4280</load_address>
         <run_address>0x4280</run_address>
         <size>0x101</size>
         <input_file_ref idref="fl-b"/>
      </object_component>
      <object_component id="oc-480">
         <name>.debug_info</name>
         <load_address>0x4381</load_address>
         <run_address>0x4381</run_address>
         <size>0x13b</size>
         <input_file_ref idref="fl-b"/>
      </object_component>
      <object_component id="oc-3fc">
         <name>.debug_info</name>
         <load_address>0x44bc</load_address>
         <run_address>0x44bc</run_address>
         <size>0xfa</size>
         <input_file_ref idref="fl-b"/>
      </object_component>
      <object_component id="oc-408">
         <name>.debug_info</name>
         <load_address>0x45b6</load_address>
         <run_address>0x45b6</run_address>
         <size>0xfc</size>
         <input_file_ref idref="fl-b"/>
      </object_component>
      <object_component id="oc-3f6">
         <name>.debug_info</name>
         <load_address>0x46b2</load_address>
         <run_address>0x46b2</run_address>
         <size>0x129</size>
         <input_file_ref idref="fl-b"/>
      </object_component>
      <object_component id="oc-2c9">
         <name>.debug_info</name>
         <load_address>0x47db</load_address>
         <run_address>0x47db</run_address>
         <size>0x100</size>
         <input_file_ref idref="fl-b"/>
      </object_component>
      <object_component id="oc-3f0">
         <name>.debug_info</name>
         <load_address>0x48db</load_address>
         <run_address>0x48db</run_address>
         <size>0x156</size>
         <input_file_ref idref="fl-b"/>
      </object_component>
      <object_component id="oc-340">
         <name>.debug_info</name>
         <load_address>0x4a31</load_address>
         <run_address>0x4a31</run_address>
         <size>0xf7</size>
         <input_file_ref idref="fl-c"/>
      </object_component>
      <object_component id="oc-259">
         <name>.debug_info</name>
         <load_address>0x4b28</load_address>
         <run_address>0x4b28</run_address>
         <size>0x185</size>
         <input_file_ref idref="fl-c"/>
      </object_component>
      <object_component id="oc-2cf">
         <name>.debug_info</name>
         <load_address>0x4cad</load_address>
         <run_address>0x4cad</run_address>
         <size>0x2c5</size>
         <input_file_ref idref="fl-d"/>
      </object_component>
      <object_component id="oc-3de">
         <name>.debug_info</name>
         <load_address>0x4f72</load_address>
         <run_address>0x4f72</run_address>
         <size>0x101</size>
         <input_file_ref idref="fl-d"/>
      </object_component>
      <object_component id="oc-402">
         <name>.debug_info</name>
         <load_address>0x5073</load_address>
         <run_address>0x5073</run_address>
         <size>0x111</size>
         <input_file_ref idref="fl-d"/>
      </object_component>
      <object_component id="oc-352">
         <name>.debug_info</name>
         <load_address>0x5184</load_address>
         <run_address>0x5184</run_address>
         <size>0x1f0</size>
         <input_file_ref idref="fl-d"/>
      </object_component>
      <object_component id="oc-38b">
         <name>.debug_info</name>
         <load_address>0x5374</load_address>
         <run_address>0x5374</run_address>
         <size>0xbe</size>
         <input_file_ref idref="fl-e"/>
      </object_component>
      <object_component id="oc-304">
         <name>.debug_info</name>
         <load_address>0x5432</load_address>
         <run_address>0x5432</run_address>
         <size>0x17e</size>
         <input_file_ref idref="fl-e"/>
      </object_component>
      <object_component id="oc-276">
         <name>.debug_info</name>
         <load_address>0x55b0</load_address>
         <run_address>0x55b0</run_address>
         <size>0xf8</size>
         <input_file_ref idref="fl-e"/>
      </object_component>
      <object_component id="oc-3ea">
         <name>.debug_info</name>
         <load_address>0x56a8</load_address>
         <run_address>0x56a8</run_address>
         <size>0x104</size>
         <input_file_ref idref="fl-f"/>
      </object_component>
      <object_component id="oc-40e">
         <name>.debug_info</name>
         <load_address>0x57ac</load_address>
         <run_address>0x57ac</run_address>
         <size>0x125</size>
         <input_file_ref idref="fl-f"/>
      </object_component>
      <object_component id="oc-421">
         <name>.debug_info</name>
         <load_address>0x58d1</load_address>
         <run_address>0x58d1</run_address>
         <size>0x124</size>
         <input_file_ref idref="fl-f"/>
      </object_component>
      <object_component id="oc-4a7">
         <name>.debug_info</name>
         <load_address>0x59f5</load_address>
         <run_address>0x59f5</run_address>
         <size>0x128</size>
         <input_file_ref idref="fl-f"/>
      </object_component>
      <object_component id="oc-27c">
         <name>.debug_info</name>
         <load_address>0x5b1d</load_address>
         <run_address>0x5b1d</run_address>
         <size>0x109</size>
         <input_file_ref idref="fl-f"/>
      </object_component>
      <object_component id="oc-270">
         <name>.debug_info</name>
         <load_address>0x5c26</load_address>
         <run_address>0x5c26</run_address>
         <size>0xf0</size>
         <input_file_ref idref="fl-10"/>
      </object_component>
      <object_component id="oc-23e">
         <name>.debug_info</name>
         <load_address>0x5d16</load_address>
         <run_address>0x5d16</run_address>
         <size>0xf5</size>
         <input_file_ref idref="fl-2b"/>
      </object_component>
      <object_component id="oc-9c">
         <name>.debug_info</name>
         <load_address>0x5e0b</load_address>
         <run_address>0x5e0b</run_address>
         <size>0x196</size>
         <input_file_ref idref="fl-2c"/>
      </object_component>
      <object_component id="oc-67">
         <name>.debug_info</name>
         <load_address>0x5fa1</load_address>
         <run_address>0x5fa1</run_address>
         <size>0x2ad</size>
         <input_file_ref idref="fl-2d"/>
      </object_component>
      <object_component id="oc-2bd">
         <name>.debug_info</name>
         <load_address>0x624e</load_address>
         <run_address>0x624e</run_address>
         <size>0x46</size>
         <input_file_ref idref="fl-2d"/>
      </object_component>
      <object_component id="oc-242">
         <name>.debug_info</name>
         <load_address>0x6294</load_address>
         <run_address>0x6294</run_address>
         <size>0x60</size>
         <input_file_ref idref="fl-2d"/>
      </object_component>
      <object_component id="oc-257">
         <name>.debug_info</name>
         <load_address>0x62f4</load_address>
         <run_address>0x62f4</run_address>
         <size>0x1cf</size>
         <input_file_ref idref="fl-2e"/>
      </object_component>
      <object_component id="oc-6d">
         <name>.debug_info</name>
         <load_address>0x64c3</load_address>
         <run_address>0x64c3</run_address>
         <size>0x1e7</size>
         <input_file_ref idref="fl-2e"/>
      </object_component>
      <object_component id="oc-252">
         <name>.debug_info</name>
         <load_address>0x66aa</load_address>
         <run_address>0x66aa</run_address>
         <size>0x46</size>
         <input_file_ref idref="fl-2e"/>
      </object_component>
      <object_component id="oc-80">
         <name>.debug_info</name>
         <load_address>0x66f0</load_address>
         <run_address>0x66f0</run_address>
         <size>0x1b6</size>
         <input_file_ref idref="fl-2f"/>
      </object_component>
      <object_component id="oc-282">
         <name>.debug_info</name>
         <load_address>0x68a6</load_address>
         <run_address>0x68a6</run_address>
         <size>0x46</size>
         <input_file_ref idref="fl-2f"/>
      </object_component>
      <object_component id="oc-24d">
         <name>.debug_info</name>
         <load_address>0x68ec</load_address>
         <run_address>0x68ec</run_address>
         <size>0x119</size>
         <input_file_ref idref="fl-30"/>
      </object_component>
      <object_component id="oc-521">
         <name>.debug_info</name>
         <load_address>0x6a05</load_address>
         <run_address>0x6a05</run_address>
         <size>0x1bf</size>
         <input_file_ref idref="fl-31"/>
      </object_component>
      <object_component id="oc-4be">
         <name>.debug_info</name>
         <load_address>0x6bc4</load_address>
         <run_address>0x6bc4</run_address>
         <size>0x1a0</size>
         <input_file_ref idref="fl-31"/>
      </object_component>
      <object_component id="oc-376">
         <name>.debug_info</name>
         <load_address>0x6d64</load_address>
         <run_address>0x6d64</run_address>
         <size>0x119</size>
         <input_file_ref idref="fl-32"/>
      </object_component>
      <object_component id="oc-479">
         <name>.debug_info</name>
         <load_address>0x6e7d</load_address>
         <run_address>0x6e7d</run_address>
         <size>0x130</size>
         <input_file_ref idref="fl-33"/>
      </object_component>
      <object_component id="oc-4e9">
         <name>.debug_info</name>
         <load_address>0x6fad</load_address>
         <run_address>0x6fad</run_address>
         <size>0x11b</size>
         <input_file_ref idref="fl-34"/>
      </object_component>
      <object_component id="oc-2b0">
         <name>.debug_info</name>
         <load_address>0x70c8</load_address>
         <run_address>0x70c8</run_address>
         <size>0x117</size>
         <input_file_ref idref="fl-35"/>
      </object_component>
      <object_component id="oc-4b1">
         <name>.debug_info</name>
         <load_address>0x71df</load_address>
         <run_address>0x71df</run_address>
         <size>0x15b</size>
         <input_file_ref idref="fl-37"/>
      </object_component>
      <object_component id="oc-548">
         <name>.debug_info</name>
         <load_address>0x733a</load_address>
         <run_address>0x733a</run_address>
         <size>0x1c5</size>
         <input_file_ref idref="fl-38"/>
      </object_component>
      <object_component id="oc-508">
         <name>.debug_info</name>
         <load_address>0x74ff</load_address>
         <run_address>0x74ff</run_address>
         <size>0x1b6</size>
         <input_file_ref idref="fl-38"/>
      </object_component>
      <object_component id="oc-515">
         <name>.debug_info</name>
         <load_address>0x76b5</load_address>
         <run_address>0x76b5</run_address>
         <size>0x94</size>
         <input_file_ref idref="fl-38"/>
      </object_component>
      <object_component id="oc-491">
         <name>.debug_info</name>
         <load_address>0x7749</load_address>
         <run_address>0x7749</run_address>
         <size>0x119</size>
         <input_file_ref idref="fl-39"/>
      </object_component>
      <object_component id="oc-494">
         <name>.debug_info</name>
         <load_address>0x7862</load_address>
         <run_address>0x7862</run_address>
         <size>0x119</size>
         <input_file_ref idref="fl-3a"/>
      </object_component>
      <object_component id="oc-49a">
         <name>.debug_info</name>
         <load_address>0x797b</load_address>
         <run_address>0x797b</run_address>
         <size>0x127</size>
         <input_file_ref idref="fl-3b"/>
      </object_component>
      <object_component id="oc-48b">
         <name>.debug_info</name>
         <load_address>0x7aa2</load_address>
         <run_address>0x7aa2</run_address>
         <size>0x11c</size>
         <input_file_ref idref="fl-3c"/>
      </object_component>
      <object_component id="oc-261">
         <name>.debug_info</name>
         <load_address>0x7bbe</load_address>
         <run_address>0x7bbe</run_address>
         <size>0x107</size>
         <input_file_ref idref="fl-44"/>
      </object_component>
      <object_component id="oc-51c">
         <name>.debug_info</name>
         <load_address>0x7cc5</load_address>
         <run_address>0x7cc5</run_address>
         <size>0x11e</size>
         <input_file_ref idref="fl-45"/>
      </object_component>
      <object_component id="oc-544">
         <name>.debug_info</name>
         <load_address>0x7de3</load_address>
         <run_address>0x7de3</run_address>
         <size>0x11e</size>
         <input_file_ref idref="fl-46"/>
      </object_component>
      <object_component id="oc-51a">
         <name>.debug_info</name>
         <load_address>0x7f01</load_address>
         <run_address>0x7f01</run_address>
         <size>0x1fc</size>
         <input_file_ref idref="fl-49"/>
      </object_component>
      <object_component id="oc-4b7">
         <name>.debug_info</name>
         <load_address>0x80fd</load_address>
         <run_address>0x80fd</run_address>
         <size>0x258</size>
         <input_file_ref idref="fl-49"/>
      </object_component>
      <object_component id="oc-3a1">
         <name>.debug_info</name>
         <load_address>0x8355</load_address>
         <run_address>0x8355</run_address>
         <size>0x119</size>
         <input_file_ref idref="fl-4a"/>
      </object_component>
      <object_component id="oc-28a">
         <name>.debug_info</name>
         <load_address>0x846e</load_address>
         <run_address>0x846e</run_address>
         <size>0x148</size>
         <input_file_ref idref="fl-4b"/>
      </object_component>
      <object_component id="oc-31e">
         <name>.debug_info</name>
         <load_address>0x85b6</load_address>
         <run_address>0x85b6</run_address>
         <size>0x402</size>
         <input_file_ref idref="fl-4e"/>
      </object_component>
      <object_component id="oc-28e">
         <name>.debug_info</name>
         <load_address>0x89b8</load_address>
         <run_address>0x89b8</run_address>
         <size>0x222</size>
         <input_file_ref idref="fl-4e"/>
      </object_component>
      <object_component id="oc-3b0">
         <name>.debug_info</name>
         <load_address>0x8bda</load_address>
         <run_address>0x8bda</run_address>
         <size>0x39</size>
         <input_file_ref idref="fl-4e"/>
      </object_component>
      <object_component id="oc-319">
         <name>.debug_info</name>
         <load_address>0x8c13</load_address>
         <run_address>0x8c13</run_address>
         <size>0x2c</size>
         <input_file_ref idref="fl-4e"/>
      </object_component>
      <object_component id="oc-3b5">
         <name>.debug_info</name>
         <load_address>0x8c3f</load_address>
         <run_address>0x8c3f</run_address>
         <size>0xcd</size>
         <input_file_ref idref="fl-4e"/>
      </object_component>
      <object_component id="oc-3ac">
         <name>.debug_info</name>
         <load_address>0x8d0c</load_address>
         <run_address>0x8d0c</run_address>
         <size>0x2ac</size>
         <input_file_ref idref="fl-4f"/>
      </object_component>
      <object_component id="oc-30d">
         <name>.debug_info</name>
         <load_address>0x8fb8</load_address>
         <run_address>0x8fb8</run_address>
         <size>0x20c</size>
         <input_file_ref idref="fl-4f"/>
      </object_component>
      <object_component id="oc-463">
         <name>.debug_info</name>
         <load_address>0x91c4</load_address>
         <run_address>0x91c4</run_address>
         <size>0x2c</size>
         <input_file_ref idref="fl-4f"/>
      </object_component>
      <object_component id="oc-45c">
         <name>.debug_info</name>
         <load_address>0x91f0</load_address>
         <run_address>0x91f0</run_address>
         <size>0x2c</size>
         <input_file_ref idref="fl-4f"/>
      </object_component>
      <object_component id="oc-554">
         <name>.debug_info</name>
         <load_address>0x921c</load_address>
         <run_address>0x921c</run_address>
         <size>0x1cc</size>
         <input_file_ref idref="fl-50"/>
      </object_component>
      <object_component id="oc-50f">
         <name>.debug_info</name>
         <load_address>0x93e8</load_address>
         <run_address>0x93e8</run_address>
         <size>0x363</size>
         <input_file_ref idref="fl-50"/>
      </object_component>
      <object_component id="oc-45b">
         <name>.debug_info</name>
         <load_address>0x974b</load_address>
         <run_address>0x974b</run_address>
         <size>0x16d</size>
         <input_file_ref idref="fl-51"/>
      </object_component>
      <object_component id="oc-3a9">
         <name>.debug_info</name>
         <load_address>0x98b8</load_address>
         <run_address>0x98b8</run_address>
         <size>0x191</size>
         <input_file_ref idref="fl-51"/>
      </object_component>
      <object_component id="oc-54c">
         <name>.debug_info</name>
         <load_address>0x9a49</load_address>
         <run_address>0x9a49</run_address>
         <size>0x119</size>
         <input_file_ref idref="fl-52"/>
      </object_component>
      <object_component id="oc-313">
         <name>.debug_info</name>
         <load_address>0x9b62</load_address>
         <run_address>0x9b62</run_address>
         <size>0x145</size>
         <input_file_ref idref="fl-53"/>
      </object_component>
      <object_component id="oc-550">
         <name>.debug_info</name>
         <load_address>0x9ca7</load_address>
         <run_address>0x9ca7</run_address>
         <size>0x11e</size>
         <input_file_ref idref="fl-54"/>
      </object_component>
      <object_component id="oc-5c8">
         <name>.debug_info</name>
         <load_address>0x9dc5</load_address>
         <run_address>0x9dc5</run_address>
         <size>0x91</size>
      </object_component>
      <object_component id="oc-386">
         <name>.debug_line</name>
         <load_address>0x0</load_address>
         <run_address>0x0</run_address>
         <size>0xbe</size>
         <input_file_ref idref="fl-2"/>
      </object_component>
      <object_component id="oc-2f6">
         <name>.debug_line</name>
         <load_address>0xbe</load_address>
         <run_address>0xbe</run_address>
         <size>0x3f</size>
         <input_file_ref idref="fl-2"/>
      </object_component>
      <object_component id="oc-4a4">
         <name>.debug_line</name>
         <load_address>0xfd</load_address>
         <run_address>0xfd</run_address>
         <size>0x4a</size>
         <input_file_ref idref="fl-2"/>
      </object_component>
      <object_component id="oc-373">
         <name>.debug_line</name>
         <load_address>0x147</load_address>
         <run_address>0x147</run_address>
         <size>0x5f</size>
         <input_file_ref idref="fl-2"/>
      </object_component>
      <object_component id="oc-436">
         <name>.debug_line</name>
         <load_address>0x1a6</load_address>
         <run_address>0x1a6</run_address>
         <size>0x4d</size>
         <input_file_ref idref="fl-2"/>
      </object_component>
      <object_component id="oc-267">
         <name>.debug_line</name>
         <load_address>0x1f3</load_address>
         <run_address>0x1f3</run_address>
         <size>0x6b</size>
         <input_file_ref idref="fl-2"/>
      </object_component>
      <object_component id="oc-24a">
         <name>.debug_line</name>
         <load_address>0x25e</load_address>
         <run_address>0x25e</run_address>
         <size>0x20</size>
         <input_file_ref idref="fl-2"/>
      </object_component>
      <object_component id="oc-380">
         <name>.debug_line</name>
         <load_address>0x27e</load_address>
         <run_address>0x27e</run_address>
         <size>0x2e</size>
         <input_file_ref idref="fl-2"/>
      </object_component>
      <object_component id="oc-364">
         <name>.debug_line</name>
         <load_address>0x2ac</load_address>
         <run_address>0x2ac</run_address>
         <size>0x2e</size>
         <input_file_ref idref="fl-2"/>
      </object_component>
      <object_component id="oc-37c">
         <name>.debug_line</name>
         <load_address>0x2da</load_address>
         <run_address>0x2da</run_address>
         <size>0x94</size>
         <input_file_ref idref="fl-3"/>
      </object_component>
      <object_component id="oc-3e7">
         <name>.debug_line</name>
         <load_address>0x36e</load_address>
         <run_address>0x36e</run_address>
         <size>0x3e</size>
         <input_file_ref idref="fl-3"/>
      </object_component>
      <object_component id="oc-2d5">
         <name>.debug_line</name>
         <load_address>0x3ac</load_address>
         <run_address>0x3ac</run_address>
         <size>0x51</size>
         <input_file_ref idref="fl-3"/>
      </object_component>
      <object_component id="oc-41d">
         <name>.debug_line</name>
         <load_address>0x3fd</load_address>
         <run_address>0x3fd</run_address>
         <size>0x3e</size>
         <input_file_ref idref="fl-3"/>
      </object_component>
      <object_component id="oc-42a">
         <name>.debug_line</name>
         <load_address>0x43b</load_address>
         <run_address>0x43b</run_address>
         <size>0x61</size>
         <input_file_ref idref="fl-3"/>
      </object_component>
      <object_component id="oc-35b">
         <name>.debug_line</name>
         <load_address>0x49c</load_address>
         <run_address>0x49c</run_address>
         <size>0x48</size>
         <input_file_ref idref="fl-3"/>
      </object_component>
      <object_component id="oc-34f">
         <name>.debug_line</name>
         <load_address>0x4e4</load_address>
         <run_address>0x4e4</run_address>
         <size>0x49</size>
         <input_file_ref idref="fl-3"/>
      </object_component>
      <object_component id="oc-417">
         <name>.debug_line</name>
         <load_address>0x52d</load_address>
         <run_address>0x52d</run_address>
         <size>0x46</size>
         <input_file_ref idref="fl-3"/>
      </object_component>
      <object_component id="oc-46e">
         <name>.debug_line</name>
         <load_address>0x573</load_address>
         <run_address>0x573</run_address>
         <size>0x83</size>
         <input_file_ref idref="fl-4"/>
      </object_component>
      <object_component id="oc-448">
         <name>.debug_line</name>
         <load_address>0x5f6</load_address>
         <run_address>0x5f6</run_address>
         <size>0x45</size>
         <input_file_ref idref="fl-4"/>
      </object_component>
      <object_component id="oc-349">
         <name>.debug_line</name>
         <load_address>0x63b</load_address>
         <run_address>0x63b</run_address>
         <size>0x47</size>
         <input_file_ref idref="fl-4"/>
      </object_component>
      <object_component id="oc-391">
         <name>.debug_line</name>
[...]
         <name>RXByteCtr</name>
         <value>0x209a</value>
      </symbol>
      <symbol id="sm-332">
         <name>__TI_int49</name>
         <value>0xffea</value>
         <object_component_ref idref="oc-72"/>
      </symbol>
      <symbol id="sm-333">
         <name>USCI_B0_ISR</name>
         <value>0xd074</value>
         <object_component_ref idref="oc-269"/>
      </symbol>
      <symbol id="sm-334">
         <name>i2c_read</name>
         <value>0xd80c</value>
         <object_component_ref idref="oc-533"/>
      </symbol>
      <symbol id="sm-335">
         <name>i2c_init</name>
         <value>0xda64</value>
         <object_component_ref idref="oc-393"/>
      </symbol>
      <symbol id="sm-336">
         <name>i2c_Write</name>
         <value>0xd87a</value>
         <object_component_ref idref="oc-52b"/>
      </symbol>
      <symbol id="sm-35b">
         <name>red_on</name>
         <value>0xdc08</value>
         <object_component_ref idref="oc-43e"/>
      </symbol>
      <symbol id="sm-35c">
         <name>blue_on</name>
         <value>0xdb9e</value>
         <object_component_ref idref="oc-2e0"/>
      </symbol>
      <symbol id="sm-35d">
         <name>red_off</name>
         <value>0xdc02</value>
         <object_component_ref idref="oc-438"/>
      </symbol>
      <symbol id="sm-35e">
         <name>green_on</name>
         <value>0xdba6</value>
         <object_component_ref idref="oc-2e6"/>
      </symbol>
      <symbol id="sm-35f">
         <name>led_off</name>
         <value>0xdbb6</value>
         <object_component_ref idref="oc-2da"/>
      </symbol>
      <symbol id="sm-36e">
         <name>main</name>
         <value>0xd934</value>
         <object_component_ref idref="oc-2a7"/>
      </symbol>
      <symbol id="sm-3b8">
         <name>motor</name>
         <value>0x2078</value>
      </symbol>
      <symbol id="sm-3b9">
         <name>pwm</name>
         <value>0x2094</value>
      </symbol>
      <symbol id="sm-3ba">
         <name>pwm_init</name>
         <value>0xd8ae</value>
         <object_component_ref idref="oc-3f5"/>
      </symbol>
      <symbol id="sm-3bb">
         <name>motor_stop_operate</name>
         <value>0xda28</value>
         <object_component_ref idref="oc-2c8"/>
      </symbol>
      <symbol id="sm-3bc">
         <name>motor_init</name>
         <value>0xda9a</value>
         <object_component_ref idref="oc-3ef"/>
      </symbol>
      <symbol id="sm-3bd">
         <name>vent_close</name>
         <value>0xdbce</value>
         <object_component_ref idref="oc-407"/>
      </symbol>
      <symbol id="sm-3be">
         <name>motor_open</name>
         <value>0xdab4</value>
         <object_component_ref idref="oc-47f"/>
      </symbol>
      <symbol id="sm-3bf">
         <name>vent_open</name>
         <value>0xdbd6</value>
         <object_component_ref idref="oc-3fb"/>
      </symbol>
      <symbol id="sm-3db">
         <name>__TI_int46</name>
         <value>0xffe4</value>
         <object_component_ref idref="oc-6f"/>
      </symbol>
      <symbol id="sm-3dc">
         <name>Port_2</name>
         <value>0xcb4c</value>
         <object_component_ref idref="oc-258"/>
      </symbol>
      <symbol id="sm-3dd">
         <name>limit_int_en</name>
         <value>0xdb6e</value>
         <object_component_ref idref="oc-33f"/>
      </symbol>
      <symbol id="sm-400">
         <name>vent</name>
         <value>0x208a</value>
      </symbol>
      <symbol id="sm-401">
         <name>vent_self_test</name>
         <value>0xd280</value>
         <object_component_ref idref="oc-351"/>
      </symbol>
      <symbol id="sm-402">
         <name>limit_error</name>
         <value>0xdbbe</value>
         <object_component_ref idref="oc-401"/>
      </symbol>
      <symbol id="sm-403">
         <name>vent_info_init</name>
         <value>0xdb38</value>
         <object_component_ref idref="oc-3dd"/>
      </symbol>
      <symbol id="sm-41c">
         <name>__TI_int52</name>
         <value>0xfff0</value>
         <object_component_ref idref="oc-75"/>
      </symbol>
      <symbol id="sm-41d">
         <name>rtc_wake_isr</name>
         <value>0xd7d2</value>
         <object_component_ref idref="oc-303"/>
      </symbol>
      <symbol id="sm-41e">
         <name>RTC_ISR</name>
         <value>0xdb5e</value>
         <object_component_ref idref="oc-275"/>
      </symbol>
      <symbol id="sm-41f">
         <name>wake_num</name>
         <value>0x20c0</value>
         <object_component_ref idref="oc-38a"/>
      </symbol>
      <symbol id="sm-44b">
         <name>delay_hw_s</name>
         <value>0xda0a</value>
         <object_component_ref idref="oc-420"/>
      </symbol>
      <symbol id="sm-44c">
         <name>TIMER1_A1_ISR</name>
         <value>0xdace</value>
         <object_component_ref idref="oc-27b"/>
      </symbol>
      <symbol id="sm-44d">
         <name>timer_start</name>
         <value>0xdb7c</value>
         <object_component_ref idref="oc-3e9"/>
      </symbol>
      <symbol id="sm-44e">
         <name>__TI_int53</name>
         <value>0xfff2</value>
         <object_component_ref idref="oc-76"/>
      </symbol>
      <symbol id="sm-44f">
         <name>timer_end</name>
         <value>0xda46</value>
         <object_component_ref idref="oc-40d"/>
      </symbol>
      <symbol id="sm-450">
         <name>delay_hw_ms</name>
         <value>0xd9ec</value>
         <object_component_ref idref="oc-4a6"/>
      </symbol>
      <symbol id="sm-45c">
         <name>__TI_int50</name>
         <value>0xffec</value>
         <object_component_ref idref="oc-73"/>
      </symbol>
      <symbol id="sm-45d">
         <name>USCI_A0_ISR</name>
         <value>0xdae4</value>
         <object_component_ref idref="oc-26f"/>
      </symbol>
      <symbol id="sm-465">
         <name>_stack</name>
         <value>0x2760</value>
         <object_component_ref idref="oc-23d"/>
      </symbol>
      <symbol id="sm-466">
         <name>_reset_vector</name>
         <value>0xfffe</value>
         <object_component_ref idref="oc-240"/>
      </symbol>
      <symbol id="sm-470">
         <name>_c_int00_noargs_noexit</name>
         <value>0xda80</value>
         <object_component_ref idref="oc-9a"/>
      </symbol>
      <symbol id="sm-48c">
         <name>__TI_decompress_lzss</name>
         <value>0xca5e</value>
         <object_component_ref idref="oc-63"/>
      </symbol>
      <symbol id="sm-49d">
         <name>__TI_decompress_none</name>
         <value>0xd6e8</value>
         <object_component_ref idref="oc-69"/>
      </symbol>
      <symbol id="sm-4ad">
         <name>__TI_zero_init</name>
         <value>0xd5b4</value>
         <object_component_ref idref="oc-7c"/>
      </symbol>
      <symbol id="sm-4b8">
         <name>__memcpy_far</name>
         <value>0xd534</value>
         <object_component_ref idref="oc-24c"/>
      </symbol>
      <symbol id="sm-4cb">
         <name>__mspabi_cvtdf</name>
         <value>0xcfe8</value>
         <object_component_ref idref="oc-4bc"/>
      </symbol>
      <symbol id="sm-4d5">
         <name>__mspabi_remu</name>
         <value>0xdafa</value>
         <object_component_ref idref="oc-375"/>
      </symbol>
      <symbol id="sm-4d6">
         <name>__mspabi_divu</name>
         <value>0xdafa</value>
         <object_component_ref idref="oc-375"/>
      </symbol>
      <symbol id="sm-4e2">
         <name>__mspabi_remli</name>
         <value>0xd574</value>
         <object_component_ref idref="oc-478"/>
      </symbol>
      <symbol id="sm-4e3">
         <name>__mspabi_divli</name>
         <value>0xd574</value>
         <object_component_ref idref="oc-478"/>
      </symbol>
      <symbol id="sm-4f1">
         <name>__mspabi_remul</name>
         <value>0xd3b6</value>
         <object_component_ref idref="oc-4e8"/>
      </symbol>
      <symbol id="sm-4f2">
         <name>__mspabi_divul</name>
         <value>0xd3b6</value>
         <object_component_ref idref="oc-4e8"/>
      </symbol>
      <symbol id="sm-4fc">
         <name>C$$EXIT</name>
         <value>0xdbe4</value>
         <object_component_ref idref="oc-2af"/>
      </symbol>
      <symbol id="sm-4fd">
         <name>abort</name>
         <value>0xdbe4</value>
         <object_component_ref idref="oc-2af"/>
      </symbol>
      <symbol id="sm-507">
         <name>__mspabi_fltud</name>
         <value>0xdbde</value>
         <object_component_ref idref="oc-4b0"/>
      </symbol>
      <symbol id="sm-521">
         <name>__mspabi_fltuld</name>
         <value>0xd180</value>
         <object_component_ref idref="oc-507"/>
      </symbol>
      <symbol id="sm-533">
         <name>__mspabi_divf</name>
         <value>0xcf58</value>
         <object_component_ref idref="oc-48e"/>
      </symbol>
      <symbol id="sm-54a">
         <name>__mspabi_mpyf</name>
         <value>0xcc14</value>
         <object_component_ref idref="oc-493"/>
      </symbol>
      <symbol id="sm-559">
         <name>__mspabi_fixfu</name>
         <value>0xd4ee</value>
         <object_component_ref idref="oc-498"/>
      </symbol>
      <symbol id="sm-564">
         <name>__mspabi_fltuf</name>
         <value>0xd9a8</value>
         <object_component_ref idref="oc-489"/>
      </symbol>
      <symbol id="sm-567">
         <name>__TI_int47</name>
         <value>0xffe6</value>
         <object_component_ref idref="oc-70"/>
      </symbol>
      <symbol id="sm-56a">
         <name>__TI_int51</name>
         <value>0xffee</value>
         <object_component_ref idref="oc-74"/>
      </symbol>
      <symbol id="sm-56d">
         <name>__TI_int54</name>
         <value>0xfff4</value>
         <object_component_ref idref="oc-77"/>
      </symbol>
      <symbol id="sm-570">
         <name>__TI_int55</name>
         <value>0xfff6</value>
         <object_component_ref idref="oc-78"/>
      </symbol>
      <symbol id="sm-573">
         <name>__TI_int56</name>
         <value>0xfff8</value>
         <object_component_ref idref="oc-79"/>
      </symbol>
      <symbol id="sm-576">
         <name>__TI_int57</name>
         <value>0xfffa</value>
         <object_component_ref idref="oc-7a"/>
      </symbol>
      <symbol id="sm-579">
         <name>__TI_int58</name>
         <value>0xfffc</value>
         <object_component_ref idref="oc-7b"/>
      </symbol>
      <symbol id="sm-581">
         <name>__TI_ISR_TRAP</name>
         <value>0xdb96</value>
         <object_component_ref idref="oc-25e"/>
      </symbol>
      <symbol id="sm-589">
         <name>__mspabi_slll_9</name>
         <value>0xd648</value>
         <object_component_ref idref="oc-51b"/>
      </symbol>
      <symbol id="sm-58a">
         <name>__mspabi_slll_8</name>
         <value>0xd64c</value>
         <object_component_ref idref="oc-51b"/>
      </symbol>
      <symbol id="sm-58b">
         <name>__mspabi_slll_7</name>
         <value>0xd650</value>
         <object_component_ref idref="oc-51b"/>
      </symbol>
      <symbol id="sm-58c">
         <name>__mspabi_slll_6</name>
         <value>0xd654</value>
         <object_component_ref idref="oc-51b"/>
      </symbol>
      <symbol id="sm-58d">
         <name>__mspabi_slll_5</name>
         <value>0xd658</value>
         <object_component_ref idref="oc-51b"/>
      </symbol>
      <symbol id="sm-58e">
         <name>__mspabi_slll_4</name>
         <value>0xd65c</value>
         <object_component_ref idref="oc-51b"/>
      </symbol>
      <symbol id="sm-58f">
         <name>__mspabi_slll_3</name>
         <value>0xd660</value>
         <object_component_ref idref="oc-51b"/>
      </symbol>
      <symbol id="sm-590">
         <name>__mspabi_slll_2</name>
         <value>0xd664</value>
         <object_component_ref idref="oc-51b"/>
      </symbol>
      <symbol id="sm-591">
         <name>__mspabi_slll_1</name>
         <value>0xd668</value>
         <object_component_ref idref="oc-51b"/>
      </symbol>
      <symbol id="sm-592">
         <name>__mspabi_slll_15</name>
         <value>0xd630</value>
         <object_component_ref idref="oc-51b"/>
      </symbol>
      <symbol id="sm-593">
         <name>__mspabi_slll_14</name>
         <value>0xd634</value>
         <object_component_ref idref="oc-51b"/>
      </symbol>
      <symbol id="sm-594">
         <name>__mspabi_slll_13</name>
         <value>0xd638</value>
         <object_component_ref idref="oc-51b"/>
      </symbol>
      <symbol id="sm-595">
         <name>__mspabi_slll_12</name>
         <value>0xd63c</value>
         <object_component_ref idref="oc-51b"/>
      </symbol>
      <symbol id="sm-596">
         <name>__mspabi_slll_11</name>
         <value>0xd640</value>
         <object_component_ref idref="oc-51b"/>
      </symbol>
      <symbol id="sm-597">
         <name>__mspabi_slll_10</name>
         <value>0xd644</value>
         <object_component_ref idref="oc-51b"/>
      </symbol>
      <symbol id="sm-59f">
         <name>__mspabi_srll_8</name>
         <value>0xd68a</value>
         <object_component_ref idref="oc-542"/>
      </symbol>
      <symbol id="sm-5a0">
         <name>__mspabi_srll_9</name>
         <value>0xd686</value>
         <object_component_ref idref="oc-542"/>
      </symbol>
      <symbol id="sm-5a1">
         <name>__mspabi_srll_6</name>
         <value>0xd692</value>
         <object_component_ref idref="oc-542"/>
      </symbol>
      <symbol id="sm-5a2">
         <name>__mspabi_srll_7</name>
         <value>0xd68e</value>
         <object_component_ref idref="oc-542"/>
      </symbol>
      <symbol id="sm-5a3">
         <name>__mspabi_srll_4</name>
         <value>0xd69a</value>
         <object_component_ref idref="oc-542"/>
      </symbol>
      <symbol id="sm-5a4">
         <name>__mspabi_srll_5</name>
         <value>0xd696</value>
         <object_component_ref idref="oc-542"/>
      </symbol>
      <symbol id="sm-5a5">
         <name>__mspabi_srll_2</name>
         <value>0xd6a2</value>
         <object_component_ref idref="oc-542"/>
      </symbol>
      <symbol id="sm-5a6">
         <name>__mspabi_srll_3</name>
         <value>0xd69e</value>
         <object_component_ref idref="oc-542"/>
      </symbol>
      <symbol id="sm-5a7">
         <name>__mspabi_srll_1</name>
         <value>0xd6a6</value>
         <object_component_ref idref="oc-542"/>
      </symbol>
      <symbol id="sm-5a8">
         <name>__mspabi_srll_15</name>
         <value>0xd66e</value>
         <object_component_ref idref="oc-542"/>
      </symbol>
      <symbol id="sm-5a9">
         <name>__mspabi_srll_14</name>
         <value>0xd672</value>
         <object_component_ref idref="oc-542"/>
      </symbol>
      <symbol id="sm-5aa">
         <name>__mspabi_srll_13</name>
         <value>0xd676</value>
         <object_component_ref idref="oc-542"/>
      </symbol>
      <symbol id="sm-5ab">
         <name>__mspabi_srll_12</name>
         <value>0xd67a</value>
         <object_component_ref idref="oc-542"/>
      </symbol>
      <symbol id="sm-5ac">
         <name>__mspabi_srll_11</name>
         <value>0xd67e</value>
         <object_component_ref idref="oc-542"/>
      </symbol>
      <symbol id="sm-5ad">
         <name>__mspabi_srll_10</name>
         <value>0xd682</value>
         <object_component_ref idref="oc-542"/>
      </symbol>
      <symbol id="sm-5cf">
         <name>__mspabi_mpyd</name>
         <value>0xc6ba</value>
         <object_component_ref idref="oc-4b6"/>
      </symbol>
      <symbol id="sm-5d9">
         <name>__mspabi_mpyi_sw</name>
         <value>0xdb24</value>
         <object_component_ref idref="oc-3a0"/>
      </symbol>
      <symbol id="sm-5da">
         <name>__mspabi_mpyi</name>
         <value>0xdb24</value>
         <object_component_ref idref="oc-3a0"/>
      </symbol>
      <symbol id="sm-5e3">
         <name>_system_pre_init</name>
         <value>0xdc0e</value>
         <object_component_ref idref="oc-287"/>
      </symbol>
      <symbol id="sm-606">
         <name>_auto_init_hold_wdt</name>
         <value>0xcec2</value>
         <object_component_ref idref="oc-28d"/>
      </symbol>
      <symbol id="sm-622">
         <name>copy_in</name>
         <value>0xcccc</value>
         <object_component_ref idref="oc-30c"/>
      </symbol>
      <symbol id="sm-633">
         <name>__TI_frcmpyd</name>
         <value>0xc434</value>
         <object_component_ref idref="oc-50e"/>
      </symbol>
      <symbol id="sm-641">
         <name>memcpy</name>
         <value>0xdb4c</value>
         <object_component_ref idref="oc-3a5"/>
      </symbol>
      <symbol id="sm-64b">
         <name>__mspabi_mpyl_sw</name>
         <value>0xd95e</value>
         <object_component_ref idref="oc-549"/>
      </symbol>
      <symbol id="sm-64c">
         <name>__mspabi_mpyl</name>
         <value>0xd95e</value>
         <object_component_ref idref="oc-549"/>
      </symbol>
      <symbol id="sm-655">
         <name>_system_post_cinit</name>
         <value>0xdc12</value>
         <object_component_ref idref="oc-312"/>
      </symbol>
      <symbol id="sm-65d">
         <name>__mspabi_sral_15</name>
         <value>0xd5f2</value>
         <object_component_ref idref="oc-54e"/>
      </symbol>
      <symbol id="sm-65e">
         <name>__mspabi_sral_14</name>
         <value>0xd5f6</value>
         <object_component_ref idref="oc-54e"/>
      </symbol>
      <symbol id="sm-65f">
         <name>__mspabi_sral_13</name>
         <value>0xd5fa</value>
         <object_component_ref idref="oc-54e"/>
      </symbol>
      <symbol id="sm-660">
         <name>__mspabi_sral_12</name>
         <value>0xd5fe</value>
         <object_component_ref idref="oc-54e"/>
      </symbol>
      <symbol id="sm-661">
         <name>__mspabi_sral_11</name>
         <value>0xd602</value>
         <object_component_ref idref="oc-54e"/>
      </symbol>
      <symbol id="sm-662">
         <name>__mspabi_sral_10</name>
         <value>0xd606</value>
         <object_component_ref idref="oc-54e"/>
      </symbol>
      <symbol id="sm-663">
         <name>__mspabi_sral_8</name>
         <value>0xd60e</value>
         <object_component_ref idref="oc-54e"/>
      </symbol>
      <symbol id="sm-664">
         <name>__mspabi_sral_9</name>
         <value>0xd60a</value>
         <object_component_ref idref="oc-54e"/>
      </symbol>
      <symbol id="sm-665">
         <name>__mspabi_sral_6</name>
         <value>0xd616</value>
         <object_component_ref idref="oc-54e"/>
      </symbol>
      <symbol id="sm-666">
         <name>__mspabi_sral_7</name>
         <value>0xd612</value>
         <object_component_ref idref="oc-54e"/>
      </symbol>
      <symbol id="sm-667">
         <name>__mspabi_sral_4</name>
         <value>0xd61e</value>
         <object_component_ref idref="oc-54e"/>
      </symbol>
      <symbol id="sm-668">
         <name>__mspabi_sral_5</name>
         <value>0xd61a</value>
         <object_component_ref idref="oc-54e"/>
      </symbol>
      <symbol id="sm-669">
         <name>__mspabi_sral_2</name>
         <value>0xd626</value>
         <object_component_ref idref="oc-54e"/>
      </symbol>
      <symbol id="sm-66a">
         <name>__mspabi_sral_3</name>
         <value>0xd622</value>
         <object_component_ref idref="oc-54e"/>
      </symbol>
      <symbol id="sm-66b">
         <name>__mspabi_sral_1</name>
         <value>0xd62a</value>
         <object_component_ref idref="oc-54e"/>
      </symbol>
      <symbol id="sm-66f">
         <name>__TI_BINIT_Base</name>
         <value>0x0</value>
      </symbol>
      <symbol id="sm-670">
         <name>__TI_BINIT_Limit</name>
         <value>0x0</value>
      </symbol>
      <symbol id="sm-671">
         <name>__TI_INITARRAY_Base</name>
         <value>0x0</value>
      </symbol>
      <symbol id="sm-672">
         <name>__TI_INITARRAY_Limit</name>
         <value>0x0</value>
      </symbol>
   </symbol_table>
   <title>Link successful</title>
</link_info>
